https://www.allrecipes.com/
https://www.allrecipes.com/gallery/easter-cake-recipes/
https://www.allrecipes.com/cook/23371435
https://www.allrecipes.com/cook/3181138
https://www.allrecipes.com/recipes/84/healthy-recipes/
https://www.allrecipes.com/cook/64519/
https://www.allrecipes.com/cook/26629518
https://www.allrecipes.com/cook/20827525
https://www.allrecipes.com/cook/15397288
https://www.allrecipes.com/cook/3716837
https://www.allrecipes.com/cook/1800772
https://www.allrecipes.com/cook/21361413
https://www.allrecipes.com/cook/11660962
https://www.allrecipes.com/cook/4896054
https://www.allrecipes.com/recipes/17743/main-dish/rice/
https://www.allrecipes.com/recipes/22472/main-dish/vegetable-main-dishes/
https://www.allrecipes.com/recipes/16767/world-cuisine/european/italian/main-dishes/
https://www.allrecipes.com/cook/20346421
https://www.allrecipes.com/gallery/grandma-strawberry-recipes/
https://www.allrecipes.com/cook/14799398
https://www.allrecipes.com/recipes/227/world-cuisine/asian/
https://www.allrecipes.com/cook/rookiecook
https://www.allrecipes.com/cook/494dbb370211c75f
https://www.allrecipes.com/cook/12471047
https://www.allrecipes.com/recipes/1797/world-cuisine/european/italian/main-dishes/seafood/
https://www.allrecipes.com/recipes/172/soups-stews-and-chili/soup/cream-soups/
https://www.allrecipes.com/cook/15633737
https://www.allrecipes.com/recipes/16954/main-dish/chicken/
https://www.allrecipes.com/food-news-trends/celebrity-entertainment/
https://www.allrecipes.com/giada-de-laurentiis-chicken-soup-recipe-11692571
https://www.allrecipes.com/cook/486fbc0b5b98d16b
https://www.allrecipes.com/kate-winslet-favorite-sandwich-11682262
https://www.allrecipes.com/zendaya-fast-food-order-in-n-out-7966829
https://www.allrecipes.com/gallery/vegan-burger-recipes/
https://www.allrecipes.com/recipes/1227/everyday-cooking/vegan/
https://www.allrecipes.com/recipes/1664/everyday-cooking/vegan/desserts/
https://www.allrecipes.com/cook/26718774
https://www.allrecipes.com/cook/3084624
https://www.allrecipes.com/cook/3097894
https://www.allrecipes.com/cook/1004084
https://www.allrecipes.com/recipes/17162/healthy-recipes/low-potassium/
https://www.allrecipes.com/cook/26189975
https://www.allrecipes.com/cook/23861256
https://www.allrecipes.com/cook/14409472
https://www.allrecipes.com/cook/7739475
https://www.allrecipes.com/cook/22730039
https://www.allrecipes.com/cook/16601385
https://www.allrecipes.com/cook/29426231
https://www.allrecipes.com/cook/10736119
https://www.allrecipes.com/cook/19998913
https://www.allrecipes.com/cook/24835749
https://www.allrecipes.com/cook/29242920
https://www.allrecipes.com/cook/24437997
https://www.allrecipes.com/cook/6766587
https://www.allrecipes.com/gallery/sour-cream-cake-recipes/
https://www.allrecipes.com/cook/8373775
https://www.allrecipes.com/cook/3623758
https://www.allrecipes.com/cook/12906031
https://www.allrecipes.com/cook/12182594
https://www.allrecipes.com/cook/15735909
https://www.allrecipes.com/cook/mkstevens09
https://www.allrecipes.com/recipes/14778/soups-stews-and-chili/soup/cream-soups/cream-of-mushroom-soup/
https://www.allrecipes.com/cook/7513133
https://www.allrecipes.com/cook/28283826
https://www.allrecipes.com/cook/reneepaj
https://www.allrecipes.com/cook/14307656
https://www.allrecipes.com/recipes/436/appetizers-and-snacks/dips-and-spreads/salsa/
https://www.allrecipes.com/recipes/13362/appetizers-and-snacks/dips-and-spreads/fruit-dip/
https://www.allrecipes.com/recipes/17369/appetizers-and-snacks/dips-and-spreads/salsa/avocado-salsa/
https://www.allrecipes.com/foods-that-boost-immunity-8770935
https://www.allrecipes.com/kitchen-tips/health-nutrition/
https://www.allrecipes.com/gallery/diabetic-snack-recipes/
https://www.allrecipes.com/article/throat-coat-tea/
https://www.allrecipes.com/are-oreos-vegan-8604183
https://www.allrecipes.com/oreos-new-space-dunk-cookies-8536196
https://www.allrecipes.com/gallery/oreo-desserts/
https://www.allrecipes.com/article/drinking-enough-water/
https://www.allrecipes.com/article/brewing-coffee/
https://www.allrecipes.com/gallery/hydrating-foods/
https://www.allrecipes.com/cook/25572705
https://www.allrecipes.com/cook/2522425
https://www.allrecipes.com/cook/26883906
https://www.allrecipes.com/recipes/1319/healthy-recipes/appetizers/
https://www.allrecipes.com/cook/7073287
https://www.allrecipes.com/cook/bc4fc566c13dd2c1
https://www.allrecipes.com/cook/21999708
https://www.allrecipes.com/cook/6136074
https://www.allrecipes.com/cook/12183154
https://www.allrecipes.com/cook/9095204
https://www.allrecipes.com/cook/diana71
https://www.allrecipes.com/patrick-mahomes-family-chili-recipe-8785694
https://www.allrecipes.com/cook/28114908
https://www.allrecipes.com/cook/5053135
https://www.allrecipes.com/cook/suescookingtoday1
https://www.allrecipes.com/in-n-out-secret-menu-items-7558019
https://www.allrecipes.com/wendys-pumpkin-spice-frosty-coming-for-fall-7592935
https://www.allrecipes.com/cook/staci
https://www.allrecipes.com/recipes/1863/everyday-cooking/convenience-cooking/canned-food/seafood/
https://www.allrecipes.com/cook/brethela
https://www.allrecipes.com/cook/3379733
https://www.allrecipes.com/recipes/17587/healthy-recipes/clean-eating/
https://www.allrecipes.com/cook/2488150
https://www.allrecipes.com/recipes/1790/world-cuisine/european/italian/soups-and-stews/
https://www.allrecipes.com/cook/swanmade
https://www.allrecipes.com/cook/23306749
https://www.allrecipes.com/healthy-20-minute-dinner-recipes-8768440
https://www.allrecipes.com/recipes/94/soups-stews-and-chili/
https://www.allrecipes.com/recipes/15063/everyday-cooking/family-friendly/
https://www.allrecipes.com/cook/24543196
https://www.allrecipes.com/recipes/1929/everyday-cooking/convenience-cooking/canned-food/seafood/tuna/
https://www.allrecipes.com/cook/10271580
https://www.allrecipes.com/gallery/best-iced-coffee-drinks/
https://www.allrecipes.com/recipes/17622/everyday-cooking/more-meal-ideas/diy/
https://www.allrecipes.com/cook/4704994
https://www.allrecipes.com/cook/8615791
https://www.allrecipes.com/about-us-6648102#toc-ashley-kappel
https://www.allrecipes.com/cook/13658161
https://www.allrecipes.com/stanley-tucci-pasta-e-fagioli-lunch-recipe-11702310
https://www.allrecipes.com/cook/3994815
https://www.allrecipes.com/cook/15310401
https://www.allrecipes.com/gallery/vegan-pudding-recipes/
https://www.allrecipes.com/cook/21326512
https://www.allrecipes.com/recipes/144/breakfast-and-brunch/breakfast-casseroles/
https://www.allrecipes.com/gallery/breakfast-casserole-recipes-with-ham/
https://www.allrecipes.com/cook/4701017
https://www.allrecipes.com/recipes/235/world-cuisine/middle-eastern/
https://www.allrecipes.com/20-dump-soup-recipes-8761330
https://www.allrecipes.com/stanley-tucci-favorite-dinner-recipes-8747734
https://www.allrecipes.com/stanley-tuccis-4-ingredient-zucchini-dish-7966155
https://www.allrecipes.com/cook/9310669
https://www.allrecipes.com/cook/13068103
https://www.allrecipes.com/recipes/260/main-dish/salads/
https://www.allrecipes.com/cook/27235654
https://www.allrecipes.com/recipes/17628/everyday-cooking/more-meal-ideas/family-heirloom/
https://www.allrecipes.com/recipes/80/main-dish/
https://www.allrecipes.com/recipes/236/us-recipes/
https://www.allrecipes.com/recipes/732/us-recipes/amish-and-mennonite/
https://www.allrecipes.com/cook/5811515
https://www.allrecipes.com/cook/mominml
https://www.allrecipes.com/cook/30223163
https://www.allrecipes.com/cook/8903102
https://www.allrecipes.com/cook/15071600
https://www.allrecipes.com/kitchen-tips/how-to/sweet-spot/
https://www.allrecipes.com/gallery/best-new-dessert-recipes-of-2020/
https://www.allrecipes.com/article/what-is-black-cocoa-powder/
https://www.allrecipes.com/gallery/yule-log-recipes/
https://www.allrecipes.com/gallery/best-banana-pudding-recipes/
https://www.allrecipes.com/gallery/matcha-desserts/
https://www.allrecipes.com/recipes/14364/side-dish/rice/pilaf/
https://www.allrecipes.com/recipes/1971/main-dish/casseroles/chicken/rice/
https://www.allrecipes.com/cook/cheesecakelady
https://www.allrecipes.com/cook/2435929
https://www.allrecipes.com/cook/7623441
https://www.allrecipes.com/chicken-breast-dinners-for-every-night-of-the-week-8667964
https://www.allrecipes.com/cook/17953522
https://www.allrecipes.com/recipes/1787/everyday-cooking/more-meal-ideas/cooking-with-beer/
https://www.allrecipes.com/recipes/706/world-cuisine/european/uk-and-ireland/irish/
https://www.allrecipes.com/cook/1806316
https://www.allrecipes.com/irish-pub-recipes-8551538
https://www.allrecipes.com/cook/24877212
https://www.allrecipes.com/cook/2069217
https://www.allrecipes.com/cook/22926800
https://www.allrecipes.com/gallery/chef-john-best-st-patricks-day-recipes/
https://www.allrecipes.com/chef-john-s-best-st-patrick-s-day-recipes-11692730
https://www.allrecipes.com/cook/tyr
https://www.allrecipes.com/cook/9228772
https://www.allrecipes.com/cook/9552542
https://www.allrecipes.com/cook/3743833
https://www.allrecipes.com/cook/12532392
https://www.allrecipes.com/cook/17343110
https://www.allrecipes.com/cook/11098365
https://www.allrecipes.com/cook/20410313
https://www.allrecipes.com/cook/6458189
https://www.allrecipes.com/recipes/15946/soups-stews-and-chili/soup/curry-soup/
https://www.allrecipes.com/recipes/251/main-dish/sandwiches/
https://www.allrecipes.com/recipes/1784/fruits-and-vegetables/vegetables/greens/spinach/
https://www.allrecipes.com/article/is-ice-cream-good-for-a-sore-throat/
https://www.allrecipes.com/cook/26699117
https://www.allrecipes.com/cook/9244533
https://www.allrecipes.com/cook/telfair
https://www.allrecipes.com/recipes/17562/dinner/
https://www.allrecipes.com/cook/26680466
https://www.allrecipes.com/kid-friendly-dinners-for-every-night-of-the-week-8720060
https://www.allrecipes.com/recipes/15054/everyday-cooking/cooking-for-one/quick-and-easy/
https://www.allrecipes.com/cook/28771454
https://www.allrecipes.com/article/how-to-make-easy-homemade-filled-chocolates/
https://www.allrecipes.com/recipes/17281/desserts/nut-desserts/
https://www.allrecipes.com/recipes/1557/desserts/chocolate/
https://www.allrecipes.com/recipes/17156/desserts/chocolate/dark-chocolate/
https://www.allrecipes.com/recipes/401/desserts/candy/toffee/
https://www.allrecipes.com/cook/15907369
https://www.allrecipes.com/cook/7411241
https://www.allrecipes.com/cook/23980701
https://www.allrecipes.com/cook/18250333
https://www.allrecipes.com/cook/24290364
https://www.allrecipes.com/cook/13245325
https://www.allrecipes.com/cook/21016043
https://www.allrecipes.com/cook/10528923
https://www.allrecipes.com/9x13-breakfast-recipes-8709277
https://www.allrecipes.com/author/annie-campbell/
https://www.allrecipes.com/costco-new-carrot-bar-cake-11703239
https://www.allrecipes.com/cook/9048445
https://www.allrecipes.com/article/most-popular-chocolate-chip-sizes/
https://www.allrecipes.com/cook/3114500
https://www.allrecipes.com/cook/10598894
https://www.allrecipes.com/cook/4559033
https://www.allrecipes.com/cook/7408063
https://www.allrecipes.com/cook/11796623
https://www.allrecipes.com/cook/11480746
https://www.allrecipes.com/cook/26868690
https://www.allrecipes.com/gallery/side-dishes-burgers/
https://www.allrecipes.com/gallery/five-ingredient-summer-side-dishes/
https://www.allrecipes.com/gallery/best-barbecue-side-dishes/
https://www.allrecipes.com/cook/22243460
https://www.allrecipes.com/stanley-tucci-summer-bean-and-tuna-salad-8682198
https://www.allrecipes.com/gallery/cold-side-dish-recipes/
https://www.allrecipes.com/cook/3768399/
https://www.allrecipes.com/cook/3981111
https://www.allrecipes.com/cook/13878437
https://www.allrecipes.com/gallery/best-baked-beans-recipes/
https://www.allrecipes.com/cook/25731251
https://www.allrecipes.com/cook/21331278
https://www.allrecipes.com/cook/27893756
https://www.allrecipes.com/article/types-of-vinegar-guide/
https://www.allrecipes.com/cook/18007249
https://www.allrecipes.com/cook/15344834
https://www.allrecipes.com/gallery/vintage-christmas-cake-recipes/
https://www.allrecipes.com/cook/26560107
https://www.allrecipes.com/recipes/17766/breakfast-and-brunch/breakfast-cookies/
https://www.allrecipes.com/cook/27542160
https://www.allrecipes.com/recipes/521/pasta-and-noodles/pasta-by-shape/
https://www.allrecipes.com/recipes/501/pasta-and-noodles/pasta-by-shape/fettuccini/
https://www.allrecipes.com/recipes/559/pasta-and-noodles/pasta-by-shape/rigatoni/
https://www.allrecipes.com/stanley-tucci-4-ingredient-appetizer-pissaladiere-8789089
https://www.allrecipes.com/article/what-is-tamari/
https://www.allrecipes.com/cook/8377394
https://www.allrecipes.com/cook/kristenflowers
https://www.allrecipes.com/jj-watt-go-to-culvers-order-8733897
https://www.allrecipes.com/cook/11403788
https://www.allrecipes.com/cook/22125637
https://www.allrecipes.com/cook/5446432/
https://www.allrecipes.com/cook/30573079
https://www.allrecipes.com/we-tried-reba-mcentires-blt-recipe-7505199
https://www.allrecipes.com/cook/26243510
https://www.allrecipes.com/gallery/lemon-pound-cakes/
https://www.allrecipes.com/cook/28183721/
https://www.allrecipes.com/cook/16764829
https://www.allrecipes.com/cook/28288278
https://www.allrecipes.com/cook/23099152
https://www.allrecipes.com/dolly-parton-birthday-chicken-and-dumplins-8768136
https://www.allrecipes.com/cook/6476442
https://www.allrecipes.com/cook/8295110
https://www.allrecipes.com/cook/15512190
https://www.allrecipes.com/cook/16900166
https://www.allrecipes.com/recipes/364/desserts/frozen-desserts/
https://www.allrecipes.com/cook/10186851
https://www.allrecipes.com/cook/14263315
https://www.allrecipes.com/cook/12494957
https://www.allrecipes.com/cook/25386426
https://www.allrecipes.com/recipes/1116/fruits-and-vegetables/
https://www.allrecipes.com/cook/10592633
https://www.allrecipes.com/gallery/roasted-carrots/
https://www.allrecipes.com/recipes/702/world-cuisine/asian/thai/
https://www.allrecipes.com/cook/3425612
https://www.allrecipes.com/cook/21785999
https://www.allrecipes.com/recipes/515/pasta-and-noodles/pasta-by-shape/tortellini/
https://www.allrecipes.com/article/how-to-use-refrigerated-tortellini/
https://www.allrecipes.com/cook/15024936
https://www.allrecipes.com/cook/29020249
https://www.allrecipes.com/cook/625802
https://www.allrecipes.com/cook/bae3105e5d63a561
https://www.allrecipes.com/cook/28610040
https://www.allrecipes.com/article/anti-inflammatory-foods-for-heart-health/
https://www.allrecipes.com/recipes/13337/seafood/fish/sardines/
https://www.allrecipes.com/what-is-pate-7558578
https://www.allrecipes.com/cook/14509763
https://www.allrecipes.com/cook/13146954
https://www.allrecipes.com/cook/27046381
https://www.allrecipes.com/cook/27552734
https://www.allrecipes.com/article/how-to-store-berries/
https://www.allrecipes.com/julia-louis-dreyfus-favorite-sandwich-8741667
https://www.allrecipes.com/stephen-colbert-favorite-mayo-8718136
https://www.allrecipes.com/alton-brown-favorite-mayo-8692452
https://www.allrecipes.com/matthew-mcconaughey-favorite-food-ketchup-8749679
https://www.allrecipes.com/article/make-box-mix-cake-taste-homemade/
https://www.allrecipes.com/article/how-to-convert-vintage-recipes-for-modern-kitchens/
https://www.allrecipes.com/cook/8308431
https://www.allrecipes.com/cook/20559007
https://www.allrecipes.com/cook/22275069
https://www.allrecipes.com/recipes/22738/main-dish/curries/beef/
https://www.allrecipes.com/costco-black-forest-bar-cake-8411981
https://www.allrecipes.com/cook/23586181
https://www.allrecipes.com/cook/5399974
https://www.allrecipes.com/recipes/16698/salad/beans/bean-and-corn-salad/
https://www.allrecipes.com/gallery/elegant-christmas-desserts/
https://www.allrecipes.com/cook/12614818
https://www.allrecipes.com/recipes/17124/everyday-cooking/more-meal-ideas/cooking-with-beer/guinness/
https://www.allrecipes.com/cook/2443316
https://www.allrecipes.com/cook/10115194
https://www.allrecipes.com/recipes/473/main-dish/burgers/hamburgers/
https://www.allrecipes.com/gallery/easy-comfort-food-dinners-for-fall/
https://www.allrecipes.com/gallery/creamy-recipes/
https://www.allrecipes.com/cook/kutzmedic
https://www.allrecipes.com/cook/17095722
https://www.allrecipes.com/recipes/824/desserts/pies/tarts/
https://www.allrecipes.com/recipes/12957/desserts/pies/vintage-pies/chess-pie/
https://www.allrecipes.com/recipes/12949/desserts/pies/fruit-pies/mincemeat-pie/
https://www.allrecipes.com/recipes/12946/desserts/pies/fruit-pies/blueberry-pie/
https://www.allrecipes.com/recipes/12948/desserts/pies/fruit-pies/cranberry-pie/
https://www.allrecipes.com/recipes/12952/desserts/pies/fruit-pies/raspberry-pie/
https://www.allrecipes.com/recipes/12953/desserts/pies/fruit-pies/rhubarb-pie/
https://www.allrecipes.com/recipes/17645/desserts/pies/tarts/fruit-tarts/
https://www.allrecipes.com/gallery/best-potluck-dessert-recipe-ideas/
https://www.allrecipes.com/article/the-recipes-we-cant-stop-making/
https://www.allrecipes.com/recipes/17216/everyday-cooking/seasonal/spring/main-dishes/
https://www.allrecipes.com/cook/2723251
https://www.allrecipes.com/gallery/fall-dinner-recipes-for-two/
https://www.allrecipes.com/gallery/dinner-ideas-for-two/
https://www.allrecipes.com/cook/14750103
https://www.allrecipes.com/gallery/side-dishes-for-two/
https://www.allrecipes.com/cook/9313369
https://www.allrecipes.com/cook/28183700
https://www.allrecipes.com/dairy-queen-blizzard-of-the-month-august-2023-7569852
https://www.allrecipes.com/dairy-queen-pumpkin-pie-blizzard-return-2023-7571488
https://www.allrecipes.com/cook/14589738
https://www.allrecipes.com/recipes/83/everyday-cooking/convenience-cooking/
https://www.allrecipes.com/cook/4778355
https://www.allrecipes.com/cook/22434282
https://www.allrecipes.com/gallery/matzo-ball-soup-recipes/
https://www.allrecipes.com/cook/1587121
https://www.allrecipes.com/cook/1458968
https://www.allrecipes.com/cook/28129590
https://www.allrecipes.com/cook/14106744
https://www.allrecipes.com/cook/catlin
https://www.allrecipes.com/cook/26019621
https://www.allrecipes.com/cook/22538626
https://www.allrecipes.com/recipes/14762/soups-stews-and-chili/chili/pork-chili/
https://www.allrecipes.com/cook/22702462
https://www.allrecipes.com/cook/24019302
https://www.allrecipes.com/recipes/16397/everyday-cooking/more-meal-ideas/5-ingredients/
https://www.allrecipes.com/cook/11809971
https://www.allrecipes.com/recipes/14741/meat-and-poultry/pork/bacon/appetizers/
https://www.allrecipes.com/cook/15864347
https://www.allrecipes.com/cook/mamah
https://www.allrecipes.com/cook/27205640
https://www.allrecipes.com/cook/20194168
https://www.allrecipes.com/cook/565342
https://www.allrecipes.com/gallery/fall-breakfast-recipes/
https://www.allrecipes.com/cook/22391e1d4dce1259
https://www.allrecipes.com/cook/28031089
https://www.allrecipes.com/cook/20480380
https://www.allrecipes.com/cook/21716862
https://www.allrecipes.com/cook/7833980
https://www.allrecipes.com/cook/2632618
https://www.allrecipes.com/cook/5999151
https://www.allrecipes.com/article/is-zucchini-a-fruit-or-vegetable/
https://www.allrecipes.com/recipes/1281/appetizers-and-snacks/dips-and-spreads/hummus/
https://www.allrecipes.com/recipes/17528/desserts/fruit-desserts/cherry-desserts/
https://www.allrecipes.com/cook/1538050
https://www.allrecipes.com/cook/catcassetta
https://www.allrecipes.com/cook/26014131
https://www.allrecipes.com/cook/22931885
https://www.allrecipes.com/cook/30827b7d23ce573c
https://www.allrecipes.com/cook/7843159
https://www.allrecipes.com/cook/12280537
https://www.allrecipes.com/recipes/2594/side-dish/sauces-and-condiments/salad-dressings/french-dressing/
https://www.allrecipes.com/recipes/17221/everyday-cooking/seasonal/winter/main-dishes/
https://www.allrecipes.com/recipes/17222/everyday-cooking/seasonal/winter/side-dishes/
https://www.allrecipes.com/longform/best-turkey-fryers/
https://www.allrecipes.com/longform/best-waffle-makers/
https://www.allrecipes.com/affiliate/best-electric-griddles/
https://www.allrecipes.com/gallery/top-rated-brunch-recipes/
https://www.allrecipes.com/cook/3295834
https://www.allrecipes.com/cook/27959981
https://www.allrecipes.com/recipes/17782/holidays-and-events/christmas/drinks/cocktails/
https://www.allrecipes.com/recipes/17698/drinks/mulled-wine/
https://www.allrecipes.com/recipes/16421/drinks/shots/
https://www.allrecipes.com/cook/3681604/
https://www.allrecipes.com/author/frances-crouter/
https://www.allrecipes.com/cook/29301705
https://www.allrecipes.com/cook/17438553
https://www.allrecipes.com/cook/21628434
https://www.allrecipes.com/recipes/415/seafood/fish/tuna/
https://www.allrecipes.com/cook/mrsxoke
https://www.allrecipes.com/cook/766332
https://www.allrecipes.com/cook/2089536
https://www.allrecipes.com/cook/4119771
https://www.allrecipes.com/recipes/14978/main-dish/pork/ham/whole/
https://www.allrecipes.com/cook/17615234
https://www.allrecipes.com/cook/593989
https://www.allrecipes.com/cook/27816250
https://www.allrecipes.com/recipes/16106/ingredients/dairy/cheese/
https://www.allrecipes.com/erin-jeanne-mcdowell-8691977
https://www.allrecipes.com/recipes/15937/world-cuisine/middle-eastern/persian/
https://www.allrecipes.com/cook/22335503
https://www.allrecipes.com/cook/14194619
https://www.allrecipes.com/cook/foodcupid
https://www.allrecipes.com/cook/466524
https://www.allrecipes.com/recipes/17196/appetizers-and-snacks/dips-and-spreads/salsa/tomato-salsa/
https://www.allrecipes.com/cook/4375675
https://www.allrecipes.com/cook/14420002
https://www.allrecipes.com/kitchen-tips/behind-the-recipe/
https://www.allrecipes.com/breakfast-casseroles-with-ham-recipes-8735481
https://www.allrecipes.com/cook/15365301
https://www.allrecipes.com/cook/22748902
https://www.allrecipes.com/cook/10986364
https://www.allrecipes.com/cook/14660718
https://www.allrecipes.com/cook/31139775
https://www.allrecipes.com/cook/18074521
https://www.allrecipes.com/recipes/695/world-cuisine/asian/chinese/
https://www.allrecipes.com/recipes/1900/world-cuisine/asian/chinese/soups-and-stews/
https://www.allrecipes.com/gallery/potato-recipes-for-easter-ham-dinner/
https://www.allrecipes.com/gallery/vegetarian-easter-side-dishes/
https://www.allrecipes.com/cook/31360015
https://www.allrecipes.com/cook/25841617
https://www.allrecipes.com/cook/29773580
https://www.allrecipes.com/cook/17383485
https://www.allrecipes.com/cook/11610033
https://www.allrecipes.com/cook/25941786
https://www.allrecipes.com/cook/27928190
https://www.allrecipes.com/cook/17202173
https://www.allrecipes.com/cook/21514114
https://www.allrecipes.com/cook/17632333
https://www.allrecipes.com/cook/4462969
https://www.allrecipes.com/cook/1973161
https://www.allrecipes.com/cook/26506255
https://www.allrecipes.com/cook/29856217
https://www.allrecipes.com/cook/26829894
https://www.allrecipes.com/cook/4fe7a58f23180484
https://www.allrecipes.com/cook/23954559
https://www.allrecipes.com/cook/12304948
https://www.allrecipes.com/cook/24183699
https://www.allrecipes.com/about-us-6648102#toc-molly-fergus
https://www.allrecipes.com/cook/3333766
https://www.allrecipes.com/meg-ryan-billy-crystal-hellmanns-super-bowl-ad-8787112
https://www.allrecipes.com/samantha-dillard-8645479
https://www.allrecipes.com/lucky-charms-new-flavors-spring-2025-11689871
https://www.allrecipes.com/milk-chocolate-ring-pop-walmart-11680154
https://www.allrecipes.com/hersheys-new-nuggets-spring-2025-11700334
https://www.allrecipes.com/new-snickers-eggs-11695483
https://www.allrecipes.com/trader-joes-best-new-finds-march-2025-11690855
https://www.allrecipes.com/trader-joes-mini-tote-bag-restock-11702837
https://www.allrecipes.com/trader-joes-macaron-ice-cream-sandwiches-11694944
https://www.allrecipes.com/gatorade-flavor-mashups-11703233
https://www.allrecipes.com/new-peeps-flavored-milk-9307245
https://www.allrecipes.com/aldi-biscuit-crust-breakfast-pizza-return-january-2025-8773702
https://www.allrecipes.com/aldi-freezer-find-august-2024-8698005
https://www.allrecipes.com/cook/4647956
https://www.allrecipes.com/cook/14302121
https://www.allrecipes.com/cook/14965841
https://www.allrecipes.com/cook/23913324
https://www.allrecipes.com/cook/23325608
https://www.allrecipes.com/cook/22478179
https://www.allrecipes.com/cook/8826248
https://www.allrecipes.com/cook/26020175
https://www.allrecipes.com/cook/30086251
https://www.allrecipes.com/about-us-6648102#toc-ariel-knutson
https://www.allrecipes.com/what-is-a-pescatarian-7254672
https://www.allrecipes.com/recipes/17637/everyday-cooking/more-meal-ideas/food-on-a-stick/
https://www.allrecipes.com/gallery/salad-on-a-stick-recipes/
https://www.allrecipes.com/cook/12405536
https://www.allrecipes.com/cook/2338531
https://www.allrecipes.com/cook/11849030
https://www.allrecipes.com/cook/27155764
https://www.allrecipes.com/cook/10409551
https://www.allrecipes.com/cook/31796652
https://www.allrecipes.com/cook/27662442
https://www.allrecipes.com/cook/1316711
https://www.allrecipes.com/cook/24111404
https://www.allrecipes.com/cook/5596488
https://www.allrecipes.com/article/chef-johns-classic-chocolate-ice-cream-sandwich/
https://www.allrecipes.com/crescent-roll-breakfast-casserole-recipes-8745333
https://www.allrecipes.com/cook/f5d95b029c541660
https://www.allrecipes.com/article/what-are-hydrox-cookies/
https://www.allrecipes.com/article/difference-between-sulphured-and-unsulphured-molasses/
https://www.allrecipes.com/cook/19286415
https://www.allrecipes.com/cook/4295962
https://www.allrecipes.com/cook/10092021
https://www.allrecipes.com/cook/7080600
https://www.allrecipes.com/cook/27855746
https://www.allrecipes.com/cook/4e9a9aeac3095e61
https://www.allrecipes.com/cook/9920663
https://www.allrecipes.com/cook/28045636
https://www.allrecipes.com/cook/25251148
https://www.allrecipes.com/cook/13341444
https://www.allrecipes.com/recipes/17215/everyday-cooking/seasonal/spring/appetizers/
https://www.allrecipes.com/cook/23567819
https://www.allrecipes.com/recipes/15846/main-dish/seafood/salmon/baked-salmon/
https://www.allrecipes.com/cook/3632540
https://www.allrecipes.com/cook/6343357
https://www.allrecipes.com/cook/22263626
https://www.allrecipes.com/cook/28009272
https://www.allrecipes.com/cook/27125184
https://www.allrecipes.com/gallery/canned-tuna-recipes/
https://www.allrecipes.com/cook/6026294
https://www.allrecipes.com/cook/20354668
https://www.allrecipes.com/gallery/allrecipes-allstars-favorite-homemade-food-gifts/
https://www.allrecipes.com/gallery/last-minute-christmas-food-gifts/
https://www.allrecipes.com/recipes/15327/appetizers-and-snacks/snacks/granola-bars/
https://www.allrecipes.com/cook/21602973
https://www.allrecipes.com/cook/14876344
https://www.allrecipes.com/cook/21897880
https://www.allrecipes.com/cook/9462725
https://www.allrecipes.com/cook/25712865
https://www.allrecipes.com/cook/3447252
https://www.allrecipes.com/cook/25281401
https://www.allrecipes.com/article/how-to-make-eggnog/
https://www.allrecipes.com/cook/14993324
https://www.allrecipes.com/cook/11478555
https://www.allrecipes.com/cook/76c9bcff09665dab
https://www.allrecipes.com/cook/7002681
https://www.allrecipes.com/cook/16326553
https://www.allrecipes.com/cook/20276655
https://www.allrecipes.com/cook/10607062
https://www.allrecipes.com/article/pegan-diet-recipes-low-in-meat/
https://www.allrecipes.com/cook/14119208
https://www.allrecipes.com/cook/20011579
https://www.allrecipes.com/cook/15481981
https://www.allrecipes.com/cook/14476104
https://www.allrecipes.com/cook/raechael
https://www.allrecipes.com/cook/15429744
https://www.allrecipes.com/cook/24846216
https://www.allrecipes.com/cook/30414794
https://www.allrecipes.com/cook/20570587
https://www.allrecipes.com/gallery/christmas-breakfast-casseroles/
https://www.allrecipes.com/cook/17576510
https://www.allrecipes.com/cook/25644099
https://www.allrecipes.com/author/danielle-susi-dittmore/
https://www.allrecipes.com/cook/3353985
https://www.allrecipes.com/cook/21811767
https://www.allrecipes.com/recipes/14855/breakfast-and-brunch/meat-and-seafood/sausage/
https://www.allrecipes.com/cook/9584568
https://www.allrecipes.com/do-cherries-make-you-poop-7568996
https://www.allrecipes.com/cook/25251825
https://www.allrecipes.com/cook/14002986
https://www.allrecipes.com/anne-hathaway-genius-dessert-hack-8648099
https://www.allrecipes.com/cook/26554711
https://www.allrecipes.com/cook/1657243
https://www.allrecipes.com/comfort-food-recipes-for-every-night-of-the-week-8735100
https://www.allrecipes.com/article/best-pizzelle-maker/
https://www.allrecipes.com/cook/17684571
https://www.allrecipes.com/recipes/1321/healthy-recipes/side-dishes/
https://www.allrecipes.com/cook/13955314
https://www.allrecipes.com/pillsbury-funfetti-celebrations-cake-mix-11694694
https://www.allrecipes.com/gallery/rainbow-cake-recipes/
https://www.allrecipes.com/cook/2846356
https://www.allrecipes.com/cook/9772622
https://www.allrecipes.com/cook/7953046
https://www.allrecipes.com/recipes/1428/soups-stews-and-chili/stews/jambalaya/
https://www.allrecipes.com/article/what-is-quark/
https://www.allrecipes.com/cook/23932462
https://www.allrecipes.com/cook/22669012
https://www.allrecipes.com/cook/16686525
https://www.allrecipes.com/cook/14182265
https://www.allrecipes.com/cook/17041265
https://www.allrecipes.com/cook/14092410
https://www.allrecipes.com/recipes/17202/desserts/pies/custard-and-cream-pies/meringue-pie/
https://www.allrecipes.com/article/how-to-make-unicorn-bark/
https://www.allrecipes.com/recipes/205/meat-and-poultry/pork/
https://www.allrecipes.com/gallery/chef-johns-best-pork-tenderloin-recipes/
https://www.allrecipes.com/recipes/202/meat-and-poultry/game-meats/
https://www.allrecipes.com/cook/26019353
https://www.allrecipes.com/cook/11955669
https://www.allrecipes.com/cook/17167262
https://www.allrecipes.com/kids-birthday-cake-recipes-8703695
https://www.allrecipes.com/cook/14531988
https://www.allrecipes.com/cook/9421485
https://www.allrecipes.com/best-brownie-recipes-8744179
https://www.allrecipes.com/recipes/17557/main-dish/sandwiches/wraps-and-roll-ups/
https://www.allrecipes.com/cook/4129504
https://www.allrecipes.com/recipes/127/bbq-grilling/skewers-and-kabobs/
https://www.allrecipes.com/recipes/15948/world-cuisine/asian/thai/main-dishes/curry/
https://www.allrecipes.com/recipes/1897/world-cuisine/asian/thai/main-dishes/seafood/
https://www.allrecipes.com/cook/22954242
https://www.allrecipes.com/recipes/15931/desserts/crisps-and-crumbles/apple-crisps-and-crumbles/
https://www.allrecipes.com/cook/14076223
https://www.allrecipes.com/cook/14590367
https://www.allrecipes.com/cook/elvish-hillbilly
https://www.allrecipes.com/cook/23209205
https://www.allrecipes.com/cook/9366926
https://www.allrecipes.com/grillos-dill-pickle-hippeas-11694310
https://www.allrecipes.com/tj-watt-carrot-cake-banana-bread-recipe-8749667
https://www.allrecipes.com/gallery/stuffed-brownies/
https://www.allrecipes.com/crumbl-birthday-cake-oreo-flavor-is-back-8634120
https://www.allrecipes.com/cook/5427549
https://www.allrecipes.com/cook/4302679
https://www.allrecipes.com/cook/3998807
https://www.allrecipes.com/emily-blunt-favorite-candy-8646118
https://www.allrecipes.com/cook/11388364
https://www.allrecipes.com/gallery/summer-desserts-bbq-party/
https://www.allrecipes.com/gallery/grandmas-frozen-dessert-recipes/
https://www.allrecipes.com/cook/5486527
https://www.allrecipes.com/cook/14685289
https://www.allrecipes.com/cook/25018307
https://www.allrecipes.com/general-mills-new-cereals-2025-8761299
https://www.allrecipes.com/honey-bunches-of-oats-new-fall-cereal-flavor-8687338
https://www.allrecipes.com/kelloggs-donut-hole-cereals-8752661
https://www.allrecipes.com/recipes/16381/salad/potato-salad/red-potato-salad/
https://www.allrecipes.com/cook/26358151
https://www.allrecipes.com/cook/28627332
https://www.allrecipes.com/recipes/14730/soups-stews-and-chili/stews/beef/
https://www.allrecipes.com/cook/22572093
https://www.allrecipes.com/cook/boo22babes
https://www.allrecipes.com/cook/15728770
https://www.allrecipes.com/cook/25004926
https://www.allrecipes.com/recipes/2018/side-dish/vegetables/green-peas/
https://www.allrecipes.com/cook/1053729
https://www.allrecipes.com/cook/28645082
https://www.allrecipes.com/recipes/2821/everyday-cooking/quick-and-easy/desserts/
https://www.allrecipes.com/gallery/make-ahead-christmas-breakfast-recipes/
https://www.allrecipes.com/recipes/16416/desserts/cookies/sandwich-cookies/
https://www.allrecipes.com/cook/249327
https://www.allrecipes.com/cook/3153183
https://www.allrecipes.com/cook/2109885ff264336c
https://www.allrecipes.com/cook/28496342
https://www.allrecipes.com/cook/derbakermom
https://www.allrecipes.com/cook/18118269
https://www.allrecipes.com/cook/6780423
https://www.allrecipes.com/chef-johns-best-comfort-food-recipes-8740804
https://www.allrecipes.com/cook/25755995
https://www.allrecipes.com/cook/27953601
https://www.allrecipes.com/cook/14818547
https://www.allrecipes.com/cook/22570738
https://www.allrecipes.com/article/oreo-cakesters-returning/
https://www.allrecipes.com/gallery/easy-thanksgiving-side-dishes/
https://www.allrecipes.com/cook/27189159
https://www.allrecipes.com/recipes/16519/main-dish/chicken/chicken-adobo/
https://www.allrecipes.com/cook/23461559
https://www.allrecipes.com/cook/27023197
https://www.allrecipes.com/last-bit-of-jam-jar-cocktail-hack-7971146
https://www.allrecipes.com/article/best-heart-healthy-foods/
https://www.allrecipes.com/cook/1747356
https://www.allrecipes.com/cook/13991961
https://www.allrecipes.com/cook/12940187
https://www.allrecipes.com/cook/3947129
https://www.allrecipes.com/cook/3163497
https://www.allrecipes.com/gallery/sweet-potato-pie-recipes-thanksgiving/
https://www.allrecipes.com/cook/applesue
https://www.allrecipes.com/cook/25635120
https://www.allrecipes.com/cook/e520f2f08a5f6253
https://www.allrecipes.com/cook/25931451
https://www.allrecipes.com/cook/21044699
https://www.allrecipes.com/cook/ee873b69cf781e08
https://www.allrecipes.com/cook/10765151
https://www.allrecipes.com/recipes/346/bread/pastries/
https://www.allrecipes.com/gallery/top-holiday-cookies/
https://www.allrecipes.com/cook/27255903
https://www.allrecipes.com/cook/3228567
https://www.allrecipes.com/recipes/2838/bbq-grilling/chicken/chicken-breasts/
https://www.allrecipes.com/cook/10209961
https://www.allrecipes.com/cook/14110779
https://www.allrecipes.com/cook/3960147/
https://www.allrecipes.com/cook/11421100
https://www.allrecipes.com/gallery/baked-salmon-fillet-recipes/
https://www.allrecipes.com/cook/21665661
https://www.allrecipes.com/cook/4335
https://www.allrecipes.com/gallery/recipes-with-hummus/
https://www.allrecipes.com/cook/24479379
https://www.allrecipes.com/cook/29366263
https://www.allrecipes.com/cook/13607697
https://www.allrecipes.com/cook/24380458
https://www.allrecipes.com/duncan-hines-peeps-collaboration-8961787
https://www.allrecipes.com/gallery/dessert-casserole-recipes/
https://www.allrecipes.com/cook/26320594
https://www.allrecipes.com/cook/23749850
https://www.allrecipes.com/cook/27115044
https://www.allrecipes.com/article/how-to-make-apple-dumplings/
https://www.allrecipes.com/cook/skyeed
https://www.allrecipes.com/cook/26208674
https://www.allrecipes.com/cook/7900595
https://www.allrecipes.com/cook/24480561
https://www.allrecipes.com/cook/15896490
https://www.allrecipes.com/chick-fil-a-bowl-tiktok-hack-7376859
https://www.allrecipes.com/cook/5220032
https://www.allrecipes.com/cook/15027194
https://www.allrecipes.com/celebrity-casserole-recipes-8637958
https://www.allrecipes.com/tiffani-thiessen-french-toast-casserole-7975347
https://www.allrecipes.com/cook/13743045
https://www.allrecipes.com/twizzlers-easter-bunnies-2025-8772477
https://www.allrecipes.com/barilla-heart-shaped-pasta-2025-8770112
https://www.allrecipes.com/cook/1514457
https://www.allrecipes.com/recipes/17573/ingredients/nuts-and-seeds/pecans/
https://www.allrecipes.com/cook/23836515
https://www.allrecipes.com/cook/16126392
https://www.allrecipes.com/leftover-baked-goods-breakfast-7368822
https://www.allrecipes.com/french-trick-leftover-bread-breakfast-7368826
https://www.allrecipes.com/best-cinnamon-roll-recipe-review-7368818
https://www.allrecipes.com/best-blueberry-muffin-review-7368817
https://www.allrecipes.com/cook/15845215
https://www.allrecipes.com/cook/26881242
https://www.allrecipes.com/oreo-crumbl-vanilla-crumb-cake-cookie-8551631
https://www.allrecipes.com/cook/4595001
https://www.allrecipes.com/cook/16726531
https://www.allrecipes.com/recipes/16886/main-dish/meatloaf/pork-meatloaf/
https://www.allrecipes.com/chick-fil-a-new-maple-pepper-bacon-sandwich-8650323
https://www.allrecipes.com/chick-fil-a-smokehouse-bbq-bacon-sandwich-back-11698472
https://www.allrecipes.com/buffalo-wild-wings-march-madness-menu-2025-11689900
https://www.allrecipes.com/cook/23880304
https://www.allrecipes.com/cook/16162947
https://www.allrecipes.com/cook/16567282
https://www.allrecipes.com/cook/25604800
https://www.allrecipes.com/cook/13677700
https://www.allrecipes.com/cook/24575880
https://www.allrecipes.com/cook/17364417
https://www.allrecipes.com/recipes/14353/side-dish/casseroles/corn-casserole/
https://www.allrecipes.com/recipes/756/desserts/candy/mints/
https://www.allrecipes.com/honey-bunches-of-oats-new-chocolate-flavor-8776212
https://www.allrecipes.com/quaker-new-hot-cocoa-oatmeal-8758118
https://www.allrecipes.com/new-sunchips-honey-bbq-flavor-11686691
https://www.allrecipes.com/cook/27906133
https://www.allrecipes.com/cook/23618260
https://www.allrecipes.com/cook/2524122
https://www.allrecipes.com/cook/4468718
https://www.allrecipes.com/cook/20490932
https://www.allrecipes.com/cook/25692804
https://www.allrecipes.com/article/what-is-oleo/
https://www.allrecipes.com/cook/15278521
https://www.allrecipes.com/cook/9324991
https://www.allrecipes.com/cook/28923676
https://www.allrecipes.com/cook/4698376
https://www.allrecipes.com/cook/70d634fb0bc47ab1
https://www.allrecipes.com/spring-appetizers-8605478
https://www.allrecipes.com/cook/24469796
https://www.allrecipes.com/cook/11230897
https://www.allrecipes.com/cook/21088850
https://www.allrecipes.com/cook/15989742
https://www.allrecipes.com/cook/28181522
https://www.allrecipes.com/longform/history-of-chili/
https://www.allrecipes.com/cook/8365877
https://www.allrecipes.com/subway-new-doritos-footlong-nachos-11707830
https://www.allrecipes.com/cook/12966276
https://www.allrecipes.com/cook/26169082
https://www.allrecipes.com/cook/3026977
https://www.allrecipes.com/cook/16399711
https://www.allrecipes.com/cook/23888875
https://www.allrecipes.com/recipes/17235/everyday-cooking/allrecipes-magazine-recipes/
https://www.allrecipes.com/cook/25192990
https://www.allrecipes.com/cook/3795020
https://www.allrecipes.com/cook/11888674
https://www.allrecipes.com/dolly-parton-rachel-parton-george-cookbook-interview-8694982
https://www.allrecipes.com/cook/7239753
https://www.allrecipes.com/cook/15272961
https://www.allrecipes.com/cook/17583537
https://www.allrecipes.com/cook/15193972
https://www.allrecipes.com/cook/lowcarbcook
https://www.allrecipes.com/cook/2c98514ac864a0d2
https://www.allrecipes.com/cook/22947674
https://www.allrecipes.com/cook/5060368
https://www.allrecipes.com/cook/27ca3b83add5855a
https://www.allrecipes.com/recipes/17811/desserts/cakes/cake-pops/
https://www.allrecipes.com/cook/5290909
https://www.allrecipes.com/cook/16919244
https://www.allrecipes.com/recipes/12961/desserts/pies/custard-and-cream-pies/pineapple-pie/
https://www.allrecipes.com/subway-new-baja-bliss-subs-meal-of-the-day-2025-8769173
https://www.allrecipes.com/burger-king-fiery-big-fish-sandwich-returns-11691123
https://www.allrecipes.com/cook/15463168
https://www.allrecipes.com/cook/17812077
https://www.allrecipes.com/longform/best-cutting-boards-for-meat/
https://www.allrecipes.com/recipes/17667/desserts/cookies/bar-cookies/crispy-rice-treats/
https://www.allrecipes.com/cook/11704617
https://www.allrecipes.com/cook/20647696
https://www.allrecipes.com/cook/12533680
https://www.allrecipes.com/cook/25460207
https://www.allrecipes.com/cook/11272299
https://www.allrecipes.com/cook/1758492
https://www.allrecipes.com/cook/3078877
https://www.allrecipes.com/cook/25064674
https://www.allrecipes.com/cook/26851997
https://www.allrecipes.com/cook/12554163
https://www.allrecipes.com/copycat-mcdonalds-hash-browns-at-aldi-8419391
https://www.allrecipes.com/cook/20553690
https://www.allrecipes.com/cook/21623214
https://www.allrecipes.com/cook/12196510
https://www.allrecipes.com/cook/28122681
https://www.allrecipes.com/cook/glenntackett
https://www.allrecipes.com/cook/16302359
https://www.allrecipes.com/cook/16853428
https://www.allrecipes.com/recipes/1526/world-cuisine/latin-american/mexican/side-dishes/
https://www.allrecipes.com/recipes/17513/world-cuisine/latin-american/mexican/salads/
https://www.allrecipes.com/cook/2077484
https://www.allrecipes.com/recipes/1902/world-cuisine/asian/chinese/main-dishes/chicken/
https://www.allrecipes.com/cook/11109943
https://www.allrecipes.com/cook/13463619
https://www.allrecipes.com/cook/16612603
https://www.allrecipes.com/cook/6163381
https://www.allrecipes.com/bobby-flay-favorite-breakfast-sandwich-8651687
https://www.allrecipes.com/gallery/easy-egg-recipes-for-dinner/
https://www.allrecipes.com/chefs-favorite-fast-food-chains-8687690
https://www.allrecipes.com/cook/21815714
https://www.allrecipes.com/cook/20859527
https://www.allrecipes.com/cook/16129696
https://www.allrecipes.com/recipes/17135/world-cuisine/asian/chinese/main-dishes/
https://www.allrecipes.com/cook/26773942
https://www.allrecipes.com/cook/22604770
https://www.allrecipes.com/cook/827351
https://www.allrecipes.com/cook/11192365
https://www.allrecipes.com/cook/24741872
https://www.allrecipes.com/recipes/17266/main-dish/pork/pork-chops/boneless/
https://www.allrecipes.com/cook/8463037
https://www.allrecipes.com/best-saute-pans-8725862
https://www.allrecipes.com/cook/26526196
https://www.allrecipes.com/cook/22805379
https://www.allrecipes.com/recipes/17367/desserts/pies/no-bake-pies/pudding-pie/
https://www.allrecipes.com/cook/16235382
https://www.allrecipes.com/cook/4093000
https://www.allrecipes.com/article/easy-ways-to-cook-chicken-thighs/
https://www.allrecipes.com/article/how-to-make-white-chocolate-peppermint-bark-without-tempering-chocolate/
https://www.allrecipes.com/cook/28833234
https://www.allrecipes.com/cook/thebekster
https://www.allrecipes.com/author/emily-belfiore/
https://www.allrecipes.com/hostess-returning-treats-fall-2024-8699730
https://www.allrecipes.com/cook/24623222
https://www.allrecipes.com/cook/24013361
https://www.allrecipes.com/cook/7702031
https://www.allrecipes.com/recipes/2418/desserts/frostings-and-icings/chocolate/
https://www.allrecipes.com/recipes/395/desserts/cakes/pound-cake/
https://www.allrecipes.com/recipes/14732/soups-stews-and-chili/soup/vegetable-soup/carrot-soup/
https://www.allrecipes.com/cook/9879281
https://www.allrecipes.com/cook/5752741
https://www.allrecipes.com/cook/6530809
https://www.allrecipes.com/cook/315568
https://www.allrecipes.com/cook/18087034
https://www.allrecipes.com/recipes/845/desserts/cookies/international-cookies/
https://www.allrecipes.com/cook/11897850
https://www.allrecipes.com/cook/3357833
https://www.allrecipes.com/recipes/721/world-cuisine/european/french/
https://www.allrecipes.com/cook/14995661
https://www.allrecipes.com/italian-casserole-recipes-11683621
https://www.allrecipes.com/recipes/16544/main-dish/seafood/salmon/salmon-patties/
https://www.allrecipes.com/gallery/the-best-air-fryer-dinners-for-two/
https://www.allrecipes.com/cook/25703662
https://www.allrecipes.com/coffee-mate-new-flavor-sept-2024-8709840
https://www.allrecipes.com/gallery/ways-to-use-lemon-curd/
https://www.allrecipes.com/article/high-cholesterol-foods/
https://www.allrecipes.com/recipes/14359/side-dish/casseroles/squash-casserole/
https://www.allrecipes.com/cook/aja
https://www.allrecipes.com/travis-kelce-favorite-snack-uncrustables-8356268
https://www.allrecipes.com/cook/4819943
https://www.allrecipes.com/cook/11783327
https://www.allrecipes.com/cook/4359154
https://www.allrecipes.com/best-fall-trader-joes-products-according-to-employees-2023-7968535
https://www.allrecipes.com/article/best-grains-for-diabetics/
https://www.allrecipes.com/most-popular-fast-food-chain-in-each-state-2023-7965002
https://www.allrecipes.com/cook/2646978
https://www.allrecipes.com/article/fudgy-foods-for-true-fudge-fanatics/
https://www.allrecipes.com/recipes/157/everyday-cooking/campus-cooking/
https://www.allrecipes.com/cook/23358553
https://www.allrecipes.com/gallery/apple-salsa-recipes/
https://www.allrecipes.com/cook/12653186
https://www.allrecipes.com/recipes/14361/ingredients/whole-grains/wild-rice/
https://www.allrecipes.com/cook/28071384
https://www.allrecipes.com/cook/14260087
https://www.allrecipes.com/article/alton-browns-fudgiest-brownie-hack/
https://www.allrecipes.com/cook/26769955
https://www.allrecipes.com/cook/4255830
https://www.allrecipes.com/recipes/14709/desserts/cookies/international-cookies/france/
https://www.allrecipes.com/cook/23515416
https://www.allrecipes.com/cook/22614224
https://www.allrecipes.com/cook/23789877
https://www.allrecipes.com/cook/13894600
https://www.allrecipes.com/cook/4801078
https://www.allrecipes.com/cook/7827446
https://www.allrecipes.com/cook/8028494
https://www.allrecipes.com/recipes/396/desserts/cakes/spice-cake/
https://www.allrecipes.com/cook/22861360
https://www.allrecipes.com/recipes/16814/drinks/punch/adult-punch/
https://www.allrecipes.com/tony-bennett-favorite-pasta-dish-8786325
https://www.allrecipes.com/gallery/summer-pasta-salad/
https://www.allrecipes.com/cook/28142389
https://www.allrecipes.com/recipes/13363/appetizers-and-snacks/dips-and-spreads/salsa/watermelon-salsa/
https://www.allrecipes.com/recipes/561/pasta-and-noodles/pasta-by-shape/orzo/
https://www.allrecipes.com/cook/28093862
https://www.allrecipes.com/wingstop-new-pacific-glaze-sauce-8771271
https://www.allrecipes.com/cook/26001602
https://www.allrecipes.com/cook/25539721
https://www.allrecipes.com/cook/25591953
https://www.allrecipes.com/cook/9808459
https://www.allrecipes.com/cook/6435619
https://www.allrecipes.com/cook/28713056
https://www.allrecipes.com/cook/14418847
https://www.allrecipes.com/article/what-happens-if-you-drink-spoiled-milk/
https://www.allrecipes.com/cook/9406293
https://www.allrecipes.com/cook/12666902
https://www.allrecipes.com/recipes/707/world-cuisine/european/uk-and-ireland/scottish/
https://www.allrecipes.com/food-news-trends/cooks-to-follow/
https://www.allrecipes.com/article/a-spotlight-on-allrecipes-allstar-kim-shupe/
https://www.allrecipes.com/recipes/17558/main-dish/sandwiches/heroes-hoagies-and-subs/
https://www.allrecipes.com/cook/25450243
https://www.allrecipes.com/cook/27396995
https://www.allrecipes.com/cook/21625832
https://www.allrecipes.com/princess-diana-crepes-souffle-11681353
https://www.allrecipes.com/cook/23566794
https://www.allrecipes.com/what-are-marshmallows-made-of-8621200
https://www.allrecipes.com/cook/10702476
https://www.allrecipes.com/cook/27852565
https://www.allrecipes.com/cook/6128298
https://www.allrecipes.com/galette-recipes-8430639
https://www.allrecipes.com/cook/8284042
https://www.allrecipes.com/cook/29352599
https://www.allrecipes.com/cook/9444325
https://www.allrecipes.com/article/all-about-vitamins/
https://www.allrecipes.com/cook/17174799
https://www.allrecipes.com/recipes/11985/everyday-cooking/family-friendly/back-to-school/
https://www.allrecipes.com/cook/3513546
https://www.allrecipes.com/recipes/17541/everyday-cooking/more-meal-ideas/retro/
https://www.allrecipes.com/vintage-casserole-recipes-8693764
https://www.allrecipes.com/recipes/15050/everyday-cooking/cooking-for-one/
https://www.allrecipes.com/cook/charlielynne
https://www.allrecipes.com/kitchen-tips/all-about-ingredients/packaged-goods/
https://www.allrecipes.com/cook/10232846
https://www.allrecipes.com/cook/5827670
https://www.allrecipes.com/cook/22930603
https://www.allrecipes.com/shelia-johnson-7113612
https://www.allrecipes.com/recipes/12956/desserts/pies/vintage-pies/buttermilk-pie/
https://www.allrecipes.com/cook/jesselfuller
https://www.allrecipes.com/gallery/moms-favorite-christmas-cookies/
https://www.allrecipes.com/cook/21726887
https://www.allrecipes.com/planters-fall-flavored-nuts-8701310
https://www.allrecipes.com/cook/3096835
https://www.allrecipes.com/cook/17395234
https://www.allrecipes.com/cook/25195610
https://www.allrecipes.com/pillsbury-new-basketball-shape-sugar-cookies-11683808
https://www.allrecipes.com/how-to-clean-your-oven-with-pumice-stone-8773977
https://www.allrecipes.com/grillos-v8-dill-pickle-bloody-mary-mix-8737508
https://www.allrecipes.com/recipes/723/world-cuisine/european/italian/
https://www.allrecipes.com/article/essential-italian-pantry-ingredients/
https://www.allrecipes.com/author/carl-hanson/
https://www.allrecipes.com/best-french-press-8670776
https://www.allrecipes.com/grandmas-christmas-cookies-8725687
https://www.allrecipes.com/cook/23209075
https://www.allrecipes.com/cook/francecevallos/
https://www.allrecipes.com/recipes/17371/main-dish/chicken/chicken-cordon-bleu/
https://www.allrecipes.com/emily-nienhaus-7507419
https://www.allrecipes.com/cook/3282938
https://www.allrecipes.com/hazelnuts-8718034
https://www.allrecipes.com/author/jesse-szewczyk/
https://www.allrecipes.com/cook/25911666
https://www.allrecipes.com/cook/eecaule
https://www.allrecipes.com/cook/15951329
https://www.allrecipes.com/affiliate/best-deep-fryers/
https://www.allrecipes.com/cook/14360394
https://www.allrecipes.com/cook/xoxoterri
https://www.allrecipes.com/travis-kelce-weird-3-ingredient-snack-8426008
https://www.allrecipes.com/cook/13998341
https://www.allrecipes.com/cook/28481660
https://www.allrecipes.com/recipes/14733/soups-stews-and-chili/soup/vegetable-soup/squash-soup/pumpkin-soup/
https://www.allrecipes.com/cook/2987904
https://www.allrecipes.com/cook/11165381
https://www.allrecipes.com/cook/28151073
https://www.allrecipes.com/cook/3088637
https://www.allrecipes.com/cook/22954695
https://www.allrecipes.com/cook/2700007
https://www.allrecipes.com/cook/4823d19cc6f30daa
https://www.allrecipes.com/best-fast-food-cheeseburger-taste-test-7644637
https://www.allrecipes.com/cook/277802
https://www.allrecipes.com/recipes/22463/everyday-cooking/allrecipes-magazine-recipes/salads/
https://www.allrecipes.com/cook/4116961
https://www.allrecipes.com/shohei-ohtanis-favorite-fast-food-burger-8732455
https://www.allrecipes.com/cook/26897679
https://www.allrecipes.com/trisha-yearwoods-grandmas-blackberry-cobbler-8671282
https://www.allrecipes.com/cook/26574723
https://www.allrecipes.com/cook/16122284
https://www.allrecipes.com/cook/23112925
https://www.allrecipes.com/cook/dianamc
https://www.allrecipes.com/cook/cookinbug
https://www.allrecipes.com/cook/27004014
https://www.allrecipes.com/cook/26228361
https://www.allrecipes.com/cook/12306422
https://www.allrecipes.com/cook/14645376
https://www.allrecipes.com/cook/25178851
https://www.allrecipes.com/recipes/1849/everyday-cooking/convenience-cooking/canned-food/
https://www.allrecipes.com/cook/15251206
https://www.allrecipes.com/cook/22170712
https://www.allrecipes.com/cook/5317133
https://www.allrecipes.com/cook/21633586
https://www.allrecipes.com/cook/mitoboru
https://www.allrecipes.com/cook/8385826
https://www.allrecipes.com/best-chick-fil-a-secret-menu-items-8424194
https://www.allrecipes.com/chick-fil-a-spicy-breakfast-burrito-7559207
https://www.allrecipes.com/taco-bell-discontinued-menu-items-we-want-back-8421263
https://www.allrecipes.com/recipes/16181/main-dish/savory-pies/pot-pie/chicken-pot-pie/
https://www.allrecipes.com/recipes/17217/everyday-cooking/seasonal/spring/desserts/
https://www.allrecipes.com/cook/3597235
https://www.allrecipes.com/cook/229812
https://www.allrecipes.com/recipes/927/side-dish/vegetables/sweet-potatoes/
https://www.allrecipes.com/article/cheap-and-easy-chicken-recipes/
https://www.allrecipes.com/recipes/550/pasta-and-noodles/pasta-by-shape/ziti/
https://www.allrecipes.com/cook/20681587
https://www.allrecipes.com/cook/5672077
https://www.allrecipes.com/cook/14454182
https://www.allrecipes.com/cook/12533290
https://www.allrecipes.com/cook/6196820
https://www.allrecipes.com/cook/bfc81b053b63f11f
https://www.allrecipes.com/recipes/17498/world-cuisine/asian/japanese/main-dishes/sushi/
https://www.allrecipes.com/cook/17677182
https://www.allrecipes.com/cook/22199031
https://www.allrecipes.com/cook/4360298
https://www.allrecipes.com/recipes/23010/soups-stews-and-chili/stews/lamb/
https://www.allrecipes.com/cook/15122010
https://www.allrecipes.com/author/bailey-fink/
https://www.allrecipes.com/recipes/17532/desserts/fruit-desserts/blueberry-desserts/
https://www.allrecipes.com/cook/679b0378e0ee8e27
https://www.allrecipes.com/cook/22435254
https://www.allrecipes.com/cook/b_tario
https://www.allrecipes.com/cook/cristih
https://www.allrecipes.com/cook/6600416
https://www.allrecipes.com/liquid-egg-recall-cleaning-solution-march-2025-11705948
https://www.allrecipes.com/what-are-egg-beaters-8780082
https://www.allrecipes.com/cook/14053423
https://www.allrecipes.com/recipes/372/desserts/candy/
https://www.allrecipes.com/cook/811051
https://www.allrecipes.com/cook/10453155
https://www.allrecipes.com/cook/30886830
https://www.allrecipes.com/article/italian-cuisine/
https://www.allrecipes.com/gallery/bundt-pound-cakes/
https://www.allrecipes.com/cook/25875172
https://www.allrecipes.com/cook/1761400
https://www.allrecipes.com/cook/8462871224a9fbbd
https://www.allrecipes.com/matthew-mcconaughey-king-ranch-chicken-casserole-8768235
https://www.allrecipes.com/cook/12288362
https://www.allrecipes.com/snack-factory-popums-pretzel-popcorn-8759416
https://www.allrecipes.com/cook/7622674
https://www.allrecipes.com/cook/30650667
https://www.allrecipes.com/9x13-cake-mix-dessert-recipes-8702896
https://www.allrecipes.com/cook/28246525
https://www.allrecipes.com/recipes/16727/ingredients/whole-grains/spelt/
https://www.allrecipes.com/cook/domesticgoddess
https://www.allrecipes.com/recipes/149/breakfast-and-brunch/french-toast/
https://www.allrecipes.com/cook/1230740
https://www.allrecipes.com/recipes/14356/side-dish/casseroles/spinach-casserole/
https://www.allrecipes.com/recipes/16415/everyday-cooking/quick-and-easy/desserts/cookies/
https://www.allrecipes.com/cook/27909453
https://www.allrecipes.com/article/homemade-ice-cream/
https://www.allrecipes.com/cook/24662119
https://www.allrecipes.com/article/guide-to-chile-peppers/
https://www.allrecipes.com/cook/15945676
https://www.allrecipes.com/cook/11767834
https://www.allrecipes.com/cook/valerieskitchen
https://www.allrecipes.com/cook/15037558
https://www.allrecipes.com/gallery/low-cholesterol-snack-foods/
https://www.allrecipes.com/longform/best-dish-drying-mats/
https://www.allrecipes.com/cook/15002674
https://www.allrecipes.com/recipes/686/bbq-grilling/turkey/
https://www.allrecipes.com/recipes/16196/salad/pasta-salad/greek-pasta-salad/
https://www.allrecipes.com/cook/peggianne
https://www.allrecipes.com/cook/27952716
https://www.allrecipes.com/gallery/chia-seed-pudding/
https://www.allrecipes.com/cook/11870042
https://www.allrecipes.com/cook/doughgirl8
https://www.allrecipes.com/ingredients-a-z-6740416
https://www.allrecipes.com/recipes/1107/fruits-and-vegetables/fruits/pears/
https://www.allrecipes.com/recipes/1295/fruits-and-vegetables/fruits/citrus/oranges/
https://www.allrecipes.com/recipes/1104/fruits-and-vegetables/fruits/melons/
https://www.allrecipes.com/recipes/1111/fruits-and-vegetables/fruits/pomegranates/
https://www.allrecipes.com/cook/lovecheflaura
https://www.allrecipes.com/the-pioneer-woman-pickle-bites-11689968
https://www.allrecipes.com/top-10-food-trends-of-2023-8420440
https://www.allrecipes.com/cook/11309589
https://www.allrecipes.com/cook/3326132
https://www.allrecipes.com/cook/26224886
https://www.allrecipes.com/cook/27689669
https://www.allrecipes.com/recipes/16697/salad/beans/black-bean-salad/
https://www.allrecipes.com/cook/23785746
https://www.allrecipes.com/cook/12691842
https://www.allrecipes.com/cook/b771c8de82c31b81
https://www.allrecipes.com/cook/8d9a5298339b5865
https://www.allrecipes.com/cook/25277516
https://www.allrecipes.com/cook/14558027
https://www.allrecipes.com/recipes/15828/desserts/cakes/apple-cake/
https://www.allrecipes.com/article/what-is-coronation-chicken/
https://www.allrecipes.com/dairy-queen-reeses-pie-blizzard-november-2023-8401665
https://www.allrecipes.com/cook/4611553
https://www.allrecipes.com/healthy-nuts-to-eat-7507463
https://www.allrecipes.com/cook/7863b271cc722b59
https://www.allrecipes.com/recipes/14701/desserts/cookies/international-cookies/sweden/
https://www.allrecipes.com/cook/1854e1cff7f6b581
https://www.allrecipes.com/gallery/best-apple-cake-recipes-of-all-time/
https://www.allrecipes.com/recipes/16213/bread/quick-bread/muffins/whole-wheat-muffins/
https://www.allrecipes.com/cook/3904454
https://www.allrecipes.com/cook/29819479
https://www.allrecipes.com/recipes/16351/salad/green-salads/mixed-greens-salad/
https://www.allrecipes.com/recipes/13378/side-dish/sauces-and-condiments/relishes/
https://www.allrecipes.com/recipes/16958/side-dish/sauces-and-condiments/relishes/cranberry-relish/
https://www.allrecipes.com/cook/15302330
https://www.allrecipes.com/cook/11418183
https://www.allrecipes.com/longform/best-banana-bread-review/
https://www.allrecipes.com/cook/14461765
https://www.allrecipes.com/cook/20864459
https://www.allrecipes.com/cook/15104450
https://www.allrecipes.com/haagen-dazs-peppermint-bark-back-at-costco-8725139
https://www.allrecipes.com/article/puff-pastry-dough/
https://www.allrecipes.com/cook/17008282
https://www.allrecipes.com/new-glen-powell-smash-kitchen-line-11707101
https://www.allrecipes.com/glen-powell-blue-bell-ice-cream-butterfinger-8681732
https://www.allrecipes.com/twinkies-holiday-gift-box-only-at-walmart-8403995
https://www.allrecipes.com/sams-club-pumpkin-cheesecake-7974523
https://www.allrecipes.com/gallery/best-pumpkin-pie-recipes/
https://www.allrecipes.com/cook/26222251
https://www.allrecipes.com/cook/20634778
https://www.allrecipes.com/cook/23343477
https://www.allrecipes.com/cook/10100322
https://www.allrecipes.com/cook/rmlafayette
https://www.allrecipes.com/cook/1637341
https://www.allrecipes.com/recipes/16541/bbq-grilling/vegetables/corn-on-the-cob/
https://www.allrecipes.com/cook/3153520
https://www.allrecipes.com/recipes/8249385/desserts/custards-and-puddings/chia-pudding/
https://www.allrecipes.com/garth-brooks-famous-breakfast-bowl-8612424
https://www.allrecipes.com/what-is-confectioners-sugar-8674525
https://www.allrecipes.com/author/hannah-klinger/
https://www.allrecipes.com/cook/suzysmommy
https://www.allrecipes.com/how-to-make-pasta-sauce-stick-to-your-noodles-7229169
https://www.allrecipes.com/recipes/15489/desserts/cakes/cake-mix-cakes/white-cake/
https://www.allrecipes.com/recipes/15499/desserts/cakes/cake-mix-cakes/coconut-cake/
https://www.allrecipes.com/recipes/15497/desserts/cakes/cake-mix-cakes/upside-down-cake/
https://www.allrecipes.com/cook/13406469
https://www.allrecipes.com/cook/20427765
https://www.allrecipes.com/cook/28159435
https://www.allrecipes.com/recipes/15942/main-dish/curries/vegetarian/
https://www.allrecipes.com/cook/21793298
https://www.allrecipes.com/recipes/428/seafood/fish/swordfish/
https://www.allrecipes.com/cook/30315349
https://www.allrecipes.com/cook/15646384
https://www.allrecipes.com/cook/28529775
https://www.allrecipes.com/best-mug-warmer-8753811
https://www.allrecipes.com/types-of-kale-7532278
https://www.allrecipes.com/article/why-do-you-have-to-massage-kale/
https://www.allrecipes.com/cook/13469147
https://www.allrecipes.com/cook/f70a46c8fa863b2a
https://www.allrecipes.com/cook/17230183
https://www.allrecipes.com/cook/20068007
https://www.allrecipes.com/cook/4066666
https://www.allrecipes.com/cook/11521845
https://www.allrecipes.com/cook/18104400
https://www.allrecipes.com/cook/7512650
https://www.allrecipes.com/cook/24786303
https://www.allrecipes.com/cook/4276443
https://www.allrecipes.com/3-tasty-ways-to-use-up-cottage-cheese-7569171
https://www.allrecipes.com/author/jill-lightner/
https://www.allrecipes.com/article/common-kitchen-garden-mistakes/
https://www.allrecipes.com/cook/14452654
https://www.allrecipes.com/hormel-bacon-cinnamon-toast-crunch-collab-8706238
https://www.allrecipes.com/article/how-to-make-crispy-oven-baked-chicken-wings/
https://www.allrecipes.com/recipes/15487/desserts/cakes/cake-mix-cakes/pound-cake/
https://www.allrecipes.com/recipes/737/healthy-recipes/low-cholesterol/
https://www.allrecipes.com/recipes/699/world-cuisine/asian/japanese/
https://www.allrecipes.com/cook/7776571
https://www.allrecipes.com/longform/pumpkin-pie-your-way/
https://www.allrecipes.com/cook/14142723
https://www.allrecipes.com/cook/9812983
https://www.allrecipes.com/dairy-queen-holiday-blizzard-menu-2023-8409340
https://www.allrecipes.com/cook/gelogenic
https://www.allrecipes.com/cook/9255653
https://www.allrecipes.com/recipes/921/side-dish/vegetables/cabbage/
https://www.allrecipes.com/cook/4778203
https://www.allrecipes.com/cook/9949934015c402b0
https://www.allrecipes.com/cook/5e0ef04164e85f40
https://www.allrecipes.com/article/best-pumpkin-soups/
https://www.allrecipes.com/cook/20065278
https://www.allrecipes.com/pringles-brings-back-dill-pickle-flavor-8724195
https://www.allrecipes.com/cook/16265044
https://www.allrecipes.com/cook/8883752
https://www.allrecipes.com/cook/23646738
https://www.allrecipes.com/cook/6671459
https://www.allrecipes.com/recipes/715/world-cuisine/european/eastern-european/polish/
https://www.allrecipes.com/cook/24103579
https://www.allrecipes.com/cook/fa0a1115b72287ae
https://www.allrecipes.com/article/foods-for-a-post-truth-world/
https://www.allrecipes.com/cook/8461452
https://www.allrecipes.com/cook/6585200
https://www.allrecipes.com/cook/30291633
https://www.allrecipes.com/new-reeses-pb-and-j-big-cups-11706709
https://www.allrecipes.com/ground-beef-recipes-for-every-night-of-the-week-8640851
https://www.allrecipes.com/recipes/14362/main-dish/rice/risotto/
https://www.allrecipes.com/gallery/slow-cooker-side-dishes-easy-summer-cookouts/
https://www.allrecipes.com/cook/1136857
https://www.allrecipes.com/cook/12690585
https://www.allrecipes.com/cook/27032495
https://www.allrecipes.com/gallery/best-cinnamon-roll-recipes/
https://www.allrecipes.com/author/kimberly-holland/
https://www.allrecipes.com/cook/17564565
https://www.allrecipes.com/cook/858911
https://www.allrecipes.com/cook/29990602
https://www.allrecipes.com/cook/a8250e7de2c8043b
https://www.allrecipes.com/cook/10178394
https://www.allrecipes.com/article/vegetables-for-breakfast/
https://www.allrecipes.com/gallery/sweet-potato-hash
https://www.allrecipes.com/gallery/12-best-spinach-recipes-for-breakfast/
https://www.allrecipes.com/gallery/easy-fall-desserts-anyone-can-make/
https://www.allrecipes.com/cook/1281438
https://www.allrecipes.com/cook/janco
https://www.allrecipes.com/cook/30665171
https://www.allrecipes.com/article/kristen-bell-pickle-soup-recipe/
https://www.allrecipes.com/cook/1866339
https://www.allrecipes.com/cook/31640549
https://www.allrecipes.com/cook/2537421
https://www.allrecipes.com/cook/27002148
https://www.allrecipes.com/gallery/ground-venison-recipes/
https://www.allrecipes.com/gallery/best-ground-beef-recipes-for-beginner-cooks/
https://www.allrecipes.com/cook/24684687
https://www.allrecipes.com/cook/12844051
https://www.allrecipes.com/cook/25760069
https://www.allrecipes.com/cook/18249944
https://www.allrecipes.com/cook/21098102
https://www.allrecipes.com/cook/25394383
https://www.allrecipes.com/gallery/crispy-cookie-recipes/
https://www.allrecipes.com/new-holiday-twizzler-candy-trees-8729616
https://www.allrecipes.com/lindt-valentines-day-lindor-truffles-8768866
https://www.allrecipes.com/aldi-advent-calendar-return-2024-8737026
https://www.allrecipes.com/new-aldi-gear-spring-2024-8610466
https://www.allrecipes.com/article/how-to-read-aldi-price-tags/
https://www.allrecipes.com/cook/8034631
https://www.allrecipes.com/new-frozen-oreo-ice-cream-treats-mint-flavor-8430635
https://www.allrecipes.com/cook/7969237
https://www.allrecipes.com/recipes/1092/fruits-and-vegetables/vegetables/rhubarb/
https://www.allrecipes.com/lemon-cookie-recipes-8747368
https://www.allrecipes.com/cook/617174683c3eacb8
https://www.allrecipes.com/cook/14163148
https://www.allrecipes.com/julia-turshen-cooking-charts-cookbook-interview-8735330
https://www.allrecipes.com/chick-fil-a-new-menu-items-august-2024-8693174
https://www.allrecipes.com/cook/9001921
https://www.allrecipes.com/cook/5172042
https://www.allrecipes.com/cook/27923633
https://www.allrecipes.com/cook/16429264
https://www.allrecipes.com/cook/27082356
https://www.allrecipes.com/cook/17906597
https://www.allrecipes.com/cook/5688402
https://www.allrecipes.com/cook/23993543
https://www.allrecipes.com/article/why-is-pumpkin-pie-bad/
https://www.allrecipes.com/cook/13523862
https://www.allrecipes.com/cook/20908291
https://www.allrecipes.com/cook/9792356
https://www.allrecipes.com/cook/28362536
https://www.allrecipes.com/cook/2055039
https://www.allrecipes.com/cook/24322317
https://www.allrecipes.com/cook/3178942
https://www.allrecipes.com/cook/10808522
https://www.allrecipes.com/gallery/asparagus-risotto-recipes/
https://www.allrecipes.com/cook/23924395
https://www.allrecipes.com/cook/16192510
https://www.allrecipes.com/cook/3265473
https://www.allrecipes.com/recipes/15940/main-dish/curries/chicken/
https://www.allrecipes.com/cook/11138578
https://www.allrecipes.com/cook/7816677
https://www.allrecipes.com/cook/2065766/
https://www.allrecipes.com/cook/27411651
https://www.allrecipes.com/cook/12577327
https://www.allrecipes.com/chicken-pot-pie-made-with-leftovers-7972090
https://www.allrecipes.com/affiliate/best-coffee-makers-with-grinders/
https://www.allrecipes.com/cook/9480775
https://www.allrecipes.com/cook/24716955
https://www.allrecipes.com/article/best-foods-for-diabetics/
https://www.allrecipes.com/cook/6785076
https://www.allrecipes.com/cook/2805269
https://www.allrecipes.com/how-to-keep-pasta-noodles-from-sticking-together-7548859
https://www.allrecipes.com/article/all-about-pellet-grills/
https://www.allrecipes.com/what-is-a-jelly-roll-pan-7564957
https://www.allrecipes.com/cook/3366456
https://www.allrecipes.com/cook/30562079
https://www.allrecipes.com/recipes/1942/fruits-and-vegetables/vegetables/mixed-vegetables/
https://www.allrecipes.com/cook/f0660b087dda515b
https://www.allrecipes.com/best-aldi-products-2024-customer-survey-8716915
https://www.allrecipes.com/aldi-returning-le-creuset-copycat-8707631
https://www.allrecipes.com/aldi-copycat-le-creuset-roaster-8740251
https://www.allrecipes.com/gallery/fall-vegetable-casserole-recipes/
https://www.allrecipes.com/aldi-is-bringing-back-its-best-holiday-products-early-8711525
https://www.allrecipes.com/cook/5678763
https://www.allrecipes.com/aldi-new-bamboo-cutting-board-with-tray-8659707
https://www.allrecipes.com/cook/28721054
https://www.allrecipes.com/recipes/17264/soups-stews-and-chili/chili/white-chili/
https://www.allrecipes.com/cook/24972321
https://www.allrecipes.com/cook/27075475
https://www.allrecipes.com/cook/1029130
https://www.allrecipes.com/gallery/instant-pot-pasta-recipes/
https://www.allrecipes.com/cook/11694487
https://www.allrecipes.com/insomnia-cookies-launches-minis-collection-with-mms-8598078
https://www.allrecipes.com/3-ingredient-popcorn-marshmallow-treat-snack-8580502
https://www.allrecipes.com/travis-kelce-favorite-super-bowl-dip-recipe-from-donna-kelce-8425660
https://www.allrecipes.com/cook/5192615
https://www.allrecipes.com/cook/9619581
https://www.allrecipes.com/cook/23160754
https://www.allrecipes.com/cook/10143880
https://www.allrecipes.com/cook/27345987
https://www.allrecipes.com/cook/5cd7063224b00bd6
https://www.allrecipes.com/author/sarah-zorn/
https://www.allrecipes.com/gallery/ways-to-use-dumpling-wrappers/
https://www.allrecipes.com/cook/22683608
https://www.allrecipes.com/cook/16259394
https://www.allrecipes.com/about-us-6648102
https://www.allrecipes.com/cook/22571793
https://www.allrecipes.com/cook/26096703
https://www.allrecipes.com/authentication/login
https://www.allrecipes.com/cook/0353b37dd0a6c16f
https://www.allrecipes.com/author/sara-tane/
https://www.allrecipes.com/cook/27450807
https://www.allrecipes.com/aldi-find-fremont-fish-market-pollock-best-sandwiches-8602403
https://www.allrecipes.com/aldi-finds-november-2023-8385757
https://www.allrecipes.com/stanley-tucci-5-ingredient-pasta-8719004
https://www.allrecipes.com/cook/12869185
https://www.allrecipes.com/cook/7328d3491bc558ca
https://www.allrecipes.com/cook/17299349
https://www.allrecipes.com/cook/5362d93c29217e3d
https://www.allrecipes.com/cook/countrycheli
https://www.allrecipes.com/new-pillsbury-breakfast-treats-at-walmart-8415250
https://www.allrecipes.com/cook/9739605
https://www.allrecipes.com/recipes/131/drinks/beer/
https://www.allrecipes.com/cook/24588963
https://www.allrecipes.com/cook/6396445
https://www.allrecipes.com/lynn-blanchard-7972489
https://www.allrecipes.com/cook/17847468
https://www.allrecipes.com/recipes/1566/desserts/mousse/chocolate-mousse/
https://www.allrecipes.com/cook/4816942
https://www.allrecipes.com/cook/27121224
https://www.allrecipes.com/cook/9344133
https://www.allrecipes.com/gallery/blueberry-bundt-cake-recipes/
https://www.allrecipes.com/cook/1260637
https://www.allrecipes.com/cook/9856391
https://www.allrecipes.com/cook/12840006
https://www.allrecipes.com/cook/8832120
https://www.allrecipes.com/cook/30055414
https://www.allrecipes.com/recipes/17568/ingredients/nuts-and-seeds/
https://www.allrecipes.com/gallery/fall-dump-dinners/
https://www.allrecipes.com/cook/5285154
https://www.allrecipes.com/cook/23693938
https://www.allrecipes.com/cook/17141399
https://www.allrecipes.com/cook/26627642
https://www.allrecipes.com/article/how-to-make-chocolate-covered-strawberries/
https://www.allrecipes.com/cook/6394878
https://www.allrecipes.com/cook/9137496
https://www.allrecipes.com/cook/25205841
https://www.allrecipes.com/what-is-copper-penny-salad-8704448
https://www.allrecipes.com/meet-tennessee-onions-cheap-side-dish-8747997
https://www.allrecipes.com/cook/16069999
https://www.allrecipes.com/article/difference-between-fresh-garlic-jarred-garlic-garlic-powder-garlic-salt/
https://www.allrecipes.com/cook/26657651
https://www.allrecipes.com/recipes/22465/everyday-cooking/allrecipes-magazine-recipes/drinks/
https://www.allrecipes.com/cook/1886079
https://www.allrecipes.com/cook/16441653
https://www.allrecipes.com/cook/nmamari
https://www.allrecipes.com/cook/13245188
https://www.allrecipes.com/cook/16026256
https://www.allrecipes.com/cook/12864718
https://www.allrecipes.com/how-to-get-a-half-and-half-frosty-at-wendys-8599402
https://www.allrecipes.com/cook/15820224
https://www.allrecipes.com/cook/12781599
https://www.allrecipes.com/cook/8480820
https://www.allrecipes.com/gallery/mediterranean-diet-recipes-for-the-instant-pot/
https://www.allrecipes.com/cook/21868950
https://www.allrecipes.com/article/james-beard-strawberry-shortcake-egg-yolks/
https://www.allrecipes.com/cook/7825009
https://www.allrecipes.com/a-spotlight-on-allrecipes-allstar-nicole-russell-8603772
https://www.allrecipes.com/cook/6046214
https://www.allrecipes.com/recipes/565/side-dish/sauces-and-condiments/sauces/pasta-sauces/meat-sauce/
https://www.allrecipes.com/cook/28004534
https://www.allrecipes.com/cook/28469062
https://www.allrecipes.com/cook/tiffanyjessup
https://www.allrecipes.com/cook/26662847
https://www.allrecipes.com/cook/18198108
https://www.allrecipes.com/cook/25515973
https://www.allrecipes.com/cook/5676774
https://www.allrecipes.com/recipes/17752/world-cuisine/latin-american/mexican/main-dishes/tacos/chicken/
https://www.allrecipes.com/cook/11494452
https://www.allrecipes.com/article/why-are-they-called-buffalo-wings/
https://www.allrecipes.com/cook/25788169
https://www.allrecipes.com/cook/10939350
https://www.allrecipes.com/cook/2947847
https://www.allrecipes.com/recipes/966/desserts/candy/popcorn-candy/popcorn-balls/
https://www.allrecipes.com/cook/1364719
https://www.allrecipes.com/recipes/629/everyday-cooking/seasonal/spring/
https://www.allrecipes.com/cook/16148654
https://www.allrecipes.com/cook/18096740
https://www.allrecipes.com/cook/30617224
https://www.allrecipes.com/cook/10598706
https://www.allrecipes.com/cook/bigshotsmom
https://www.allrecipes.com/cook/31417617
https://www.allrecipes.com/cook/30439978
https://www.allrecipes.com/cook/3683390
https://www.allrecipes.com/cook/21115834
https://www.allrecipes.com/cook/15852360
https://www.allrecipes.com/cook/28043250
https://www.allrecipes.com/cook/23011936
https://www.allrecipes.com/cook/12133894
https://www.allrecipes.com/article/meet-chef-mo-an-allrecipes-cook-to-follow/
https://www.allrecipes.com/cook/20041300
https://www.allrecipes.com/cook/5137341
https://www.allrecipes.com/cook/10881971
https://www.allrecipes.com/cook/27603686
https://www.allrecipes.com/chicken-casseroles-for-every-night-of-the-week-8647308
https://www.allrecipes.com/recipes/2601/side-dish/sauces-and-condiments/salad-dressings/vinaigrette-dressing/
https://www.allrecipes.com/cook/22987085
https://www.allrecipes.com/cook/27130755
https://www.allrecipes.com/cook/784158
https://www.allrecipes.com/cook/5036511
https://www.allrecipes.com/cook/14462056
https://www.allrecipes.com/cook/1977760
https://www.allrecipes.com/cook/15949170
https://www.allrecipes.com/recipes/1200/side-dish/sauces-and-condiments/sauces/pasta-sauces/vegetarian/
https://www.allrecipes.com/cook/barefootbluejeanlife83
https://www.allrecipes.com/cook/21237811
https://www.allrecipes.com/cook/11707736
https://www.allrecipes.com/cook/5284183
https://www.allrecipes.com/trader-joes-candy-cane-joe-joes-ice-cream-back-2024-8741892
https://www.allrecipes.com/cook/4346513
https://www.allrecipes.com/cook/5463321
https://www.allrecipes.com/cook/d041882bb17e8d9a
https://www.allrecipes.com/cook/19411398
https://www.allrecipes.com/gallery/quick-easy-side-dish-salads/
https://www.allrecipes.com/stanley-tucci-perfect-summer-fish-dish-7563104
https://www.allrecipes.com/article/how-to-store-kale/
https://www.allrecipes.com/cook/5837807
https://www.allrecipes.com/gallery/best-4th-july-side-dishes/
https://www.allrecipes.com/recipes/1507/holidays-and-events/4th-of-july/side-dishes/
https://www.allrecipes.com/best-july-fourth-appetizers-8670752
https://www.allrecipes.com/cook/23670146
https://www.allrecipes.com/cook/14274492
https://www.allrecipes.com/cook/2023277
https://www.allrecipes.com/coca-cola-share-a-coke-campaign-returns-11703310
https://www.allrecipes.com/sprite-chill-cherry-lime-permanent-11692928
https://www.allrecipes.com/coca-cola-discontinuing-spiced-flavor-8718238
https://www.allrecipes.com/what-is-disneys-beverly-soda-8602692
https://www.allrecipes.com/sonic-new-strawberry-mangonada-slush-11685496
https://www.allrecipes.com/coke-new-flavor-y3000-7969849
https://www.allrecipes.com/cook/12056271
https://www.allrecipes.com/gallery/fall-cupcakes/
https://www.allrecipes.com/cook/allis/
https://www.allrecipes.com/cook/94fbc18d3b51535b
https://www.allrecipes.com/chick-fil-a-open-on-sundays-new-york-bill-8419079
https://www.allrecipes.com/cook/15455880
https://www.allrecipes.com/cook/13073047
https://www.allrecipes.com/cook/5569589
https://www.allrecipes.com/cook/27112859
https://www.allrecipes.com/cook/16431803
https://www.allrecipes.com/cook/6579348
https://www.allrecipes.com/cook/25703968
https://www.allrecipes.com/cook/3042929
https://www.allrecipes.com/cook/ae165fd3b00b6cef
https://www.allrecipes.com/cook/23888445
https://www.allrecipes.com/recipes/16677/salad/coleslaw/broccoli-coleslaw/
https://www.allrecipes.com/cook/15083014
https://www.allrecipes.com/best-grocery-items-on-sale-at-sams-club-september-7966542
https://www.allrecipes.com/cook/27428181
https://www.allrecipes.com/cook/2969388
https://www.allrecipes.com/cook/7554687
https://www.allrecipes.com/cook/9657355
https://www.allrecipes.com/article/what-is-pine-mouth/
https://www.allrecipes.com/article/how-to-make-pesto/
https://www.allrecipes.com/article/healthy-fish-recipes-that-bring-big-flavor/
https://www.allrecipes.com/best-dollar-tree-groceries-7377925
https://www.allrecipes.com/article/dollar-tree-dinners-tiktok/
https://www.allrecipes.com/what-is-5-4-3-2-1-shopping-8424902
https://www.allrecipes.com/best-grocery-items-tj-maxx-homegoods-7507194
https://www.allrecipes.com/cook/3445400
https://www.allrecipes.com/cook/2929348
https://www.allrecipes.com/cook/4126247
https://www.allrecipes.com/cook/13357992
https://www.allrecipes.com/article/types-of-potatoes/
https://www.allrecipes.com/cook/24638701
https://www.allrecipes.com/cook/a30882708038c84d
https://www.allrecipes.com/cook/23215694
https://www.allrecipes.com/cook/5317494
https://www.allrecipes.com/costco-exclusive-must-try-chocolate-peanut-butter-snack-mix-8353240
https://www.allrecipes.com/costco-new-caramel-smores-clusters-7852864
https://www.allrecipes.com/cook/2736525
https://www.allrecipes.com/cook/26383874
https://www.allrecipes.com/fast-food-crispy-chicken-sandwich-taste-test-7369289
https://www.allrecipes.com/cook/3712309
https://www.allrecipes.com/cook/chefmonica
https://www.allrecipes.com/cook/4519362
https://www.allrecipes.com/best-paella-pans-8575896
https://www.allrecipes.com/food-news-trends/recalls/
https://www.allrecipes.com/doughnut-recall-february-2025-8788817
https://www.allrecipes.com/stone-fruit-recalled-after-listeriosis-outbreak-nov-2023-8404770
https://www.allrecipes.com/kroger-frozen-vegetables-recall-august-2023-7852386
https://www.allrecipes.com/cook/12452098
https://www.allrecipes.com/cook/1405733
https://www.allrecipes.com/cook/23534214
https://www.allrecipes.com/cook/29019945
https://www.allrecipes.com/cook/14698062
https://www.allrecipes.com/cook/5984817
https://www.allrecipes.com/cook/23189433
https://www.allrecipes.com/cook/21001580
https://www.allrecipes.com/cook/acb92f981b2fcbea
https://www.allrecipes.com/cook/23266551
https://www.allrecipes.com/cook/6798176
https://www.allrecipes.com/article/guy-fieri-thanksgiving-leftover-ideas/
https://www.allrecipes.com/article/guy-fieri-kings-hawaiian-stuffing/
https://www.allrecipes.com/gallery/leftover-stuffing-recipes/
https://www.allrecipes.com/gallery/easy-leftover-turkey-recipes/
https://www.allrecipes.com/cook/15246818
https://www.allrecipes.com/cook/7328276
https://www.allrecipes.com/recipes/1324/healthy-recipes/low-cholesterol/side-dishes/
https://www.allrecipes.com/cook/13393391
https://www.allrecipes.com/cook/6056896
https://www.allrecipes.com/what-are-san-marzano-tomatoes-7253617
https://www.allrecipes.com/gallery/spring-strawberry-ideas/
https://www.allrecipes.com/cook/18226856
https://www.allrecipes.com/cook/15439444
https://www.allrecipes.com/cook/27409979
https://www.allrecipes.com/ongoing-recalls-december-2024-8765889
https://www.allrecipes.com/article/most-popular-low-fat-desserts/
https://www.allrecipes.com/cook/28059714
https://www.allrecipes.com/recipes/2755/desserts/cookies/brownies/nut-brownies/
https://www.allrecipes.com/gallery/vegan-brownies/
https://www.allrecipes.com/cook/20886317
https://www.allrecipes.com/cook/2410282/
https://www.allrecipes.com/cook/17859030
https://www.allrecipes.com/walmart-bakery-mini-strawberry-butter-cakes-8363324
https://www.allrecipes.com/article/sams-club-hot-dog-deal/
https://www.allrecipes.com/cook/22047102
https://www.allrecipes.com/cook/24034071
https://www.allrecipes.com/cook/23230196
https://www.allrecipes.com/cook/8132898
https://www.allrecipes.com/cook/3296531
https://www.allrecipes.com/gallery/overripe-watermelon/
https://www.allrecipes.com/cook/freshandhealthy
https://www.allrecipes.com/cook/3905193
https://www.allrecipes.com/taco-bell-new-freeze-march-2024-8612891
https://www.allrecipes.com/beekeeper-coffee-horchata-for-taco-bell-8601736
https://www.allrecipes.com/taco-bell-crispy-chicken-nuggets-8363726
https://www.allrecipes.com/vintage-christmas-cake-recipes-8746472
https://www.allrecipes.com/cook/20823995
https://www.allrecipes.com/cook/12663371
https://www.allrecipes.com/cook/23617688
https://www.allrecipes.com/cook/16961757
https://www.allrecipes.com/cook/21315775
https://www.allrecipes.com/cook/1974678
https://www.allrecipes.com/cook/d34e74b0c575e198
https://www.allrecipes.com/cook/4600028
https://www.allrecipes.com/cook/26381547
https://www.allrecipes.com/article/chef-john-fixes-cold-delivery-french-fries/
https://www.allrecipes.com/2-ingredient-puff-pastry-tarte-de-soleil-7552499
https://www.allrecipes.com/cook/5781614
https://www.allrecipes.com/cook/25818051
https://www.allrecipes.com/cook/1ae05cde6589eeda
https://www.allrecipes.com/cook/24089078
https://www.allrecipes.com/cook/12716250
https://www.allrecipes.com/cook/14215825
https://www.allrecipes.com/cook/7168139
https://www.allrecipes.com/recipes/22479/meat-and-poultry/goat/
https://www.allrecipes.com/cook/4248863
https://www.allrecipes.com/author/melanie-fincher/
https://www.allrecipes.com/our-best-pancake-recipes-8736139
https://www.allrecipes.com/super-bowl-dessert-recipes-8744698
https://www.allrecipes.com/recipes/1419/holidays-and-events/big-game/
https://www.allrecipes.com/recipes/1444/holidays-and-events/purim/
https://www.allrecipes.com/article/how-to-make-a-pancake-board/
https://www.allrecipes.com/chefs-secret-to-fluffy-pancakes-8743535
https://www.allrecipes.com/article/how-make-pancakes-less-boring/
https://www.allrecipes.com/gallery/oatmeal-pancakes/
https://www.allrecipes.com/cook/30515942
https://www.allrecipes.com/cook/6326891
https://www.allrecipes.com/article/one-ingredient-for-juicy-chicken/
https://www.allrecipes.com/cook/11573074
https://www.allrecipes.com/cook/28731729
https://www.allrecipes.com/cook/7195018
https://www.allrecipes.com/cook/25640596
https://www.allrecipes.com/cook/2694816
https://www.allrecipes.com/cook/5262194
https://www.allrecipes.com/article/how-to-emulsify-vinaigrette/
https://www.allrecipes.com/author/robin-asbell/
https://www.allrecipes.com/cook/28058843
https://www.allrecipes.com/cook/26431230
https://www.allrecipes.com/cook/15671878
https://www.allrecipes.com/stanley-tucci-white-bean-creamy-pasta-recipe-7550305
https://www.allrecipes.com/cook/925986
https://www.allrecipes.com/article/richard-blais-sandwich-theory/
https://www.allrecipes.com/bacon-fat-in-vinaigrette-11690251
https://www.allrecipes.com/cook/graceym123
https://www.allrecipes.com/recipes/17060/everyday-cooking/more-meal-ideas/5-ingredients/side-dishes/
https://www.allrecipes.com/cook/saharacookiam
https://www.allrecipes.com/cook/14181370
https://www.allrecipes.com/cook/13255251
https://www.allrecipes.com/article/what-is-manuka-honey/
https://www.allrecipes.com/cook/12738679
https://www.allrecipes.com/cook/7607104
https://www.allrecipes.com/cook/26192814
https://www.allrecipes.com/cook/14853378
https://www.allrecipes.com/cook/13131569
https://www.allrecipes.com/cook/7497380
https://www.allrecipes.com/cook/1287718
https://www.allrecipes.com/cook/17243519
https://www.allrecipes.com/longform/best-ice-cube-trays/
https://www.allrecipes.com/cook/21775540
https://www.allrecipes.com/cook/3717400
https://www.allrecipes.com/cook/16524279
https://www.allrecipes.com/cook/16320561
https://www.allrecipes.com/cook/7164711
https://www.allrecipes.com/cook/28326225
https://www.allrecipes.com/cook/2132904
https://www.allrecipes.com/cook/11903502
https://www.allrecipes.com/cook/20633040
https://www.allrecipes.com/cook/27980074
https://www.allrecipes.com/gallery/summer-cakes/
https://www.allrecipes.com/cook/26582475
https://www.allrecipes.com/cook/12299026
https://www.allrecipes.com/cook/16295730
https://www.allrecipes.com/cook/12732653
https://www.allrecipes.com/article/why-are-wendys-salads-so-good/
https://www.allrecipes.com/cook/juregrant
https://www.allrecipes.com/cook/6375614
https://www.allrecipes.com/cook/6362765
https://www.allrecipes.com/cook/11593161
https://www.allrecipes.com/cook/2162480/
https://www.allrecipes.com/cook/26685326
https://www.allrecipes.com/article/how-to-cook-skirt-steak/
https://www.allrecipes.com/best-toaster-ovens-8634757
https://www.allrecipes.com/cook/5185641
https://www.allrecipes.com/pumpkin-breakfast-recipes-8706019
https://www.allrecipes.com/spring-cookie-recipes-8610880
https://www.allrecipes.com/cook/1748590
https://www.allrecipes.com/cook/3747204
https://www.allrecipes.com/recipes/1080/fruits-and-vegetables/vegetables/beets/
https://www.allrecipes.com/cook/20213826
https://www.allrecipes.com/gallery/favorite-spring-salads/
https://www.allrecipes.com/article/how-to-store-rice/
https://www.allrecipes.com/cook/28884774
https://www.allrecipes.com/cook/efa364a085be7e38
https://www.allrecipes.com/cook/24905935
https://www.allrecipes.com/gallery/mason-jar-gift-ideas/
https://www.allrecipes.com/cook/22558828
https://www.allrecipes.com/cook/28315803
https://www.allrecipes.com/cook/12642527
https://www.allrecipes.com/article/types-of-salt/
https://www.allrecipes.com/cook/12805935
https://www.allrecipes.com/cook/2237525
https://www.allrecipes.com/cook/11401264
https://www.allrecipes.com/cook/9094581
https://www.allrecipes.com/cook/1078157
https://www.allrecipes.com/2-ingredient-dinner-8719012
https://www.allrecipes.com/my-familys-chex-mix-recipe-8726932
https://www.allrecipes.com/4-ingredient-salsa-recipe-8696691
https://www.allrecipes.com/our-most-saved-super-bowl-appetizer-8785423
https://www.allrecipes.com/my-dad-s-simple-trick-sweet-corn-on-the-cob-8695456
https://www.allrecipes.com/insomnia-cookies-is-giving-away-free-cookies-august-2023-7852199
https://www.allrecipes.com/shake-shack-free-fries-every-friday-august-2023-7574597
https://www.allrecipes.com/burger-king-new-onion-ring-fry-combo-8348671
https://www.allrecipes.com/burger-king-new-menu-items-october-2023-8348334
https://www.allrecipes.com/cook/15281372
https://www.allrecipes.com/cook/3403213
https://www.allrecipes.com/cook/6888191
https://www.allrecipes.com/cook/26552981
https://www.allrecipes.com/cook/6446434
https://www.allrecipes.com/cook/13379651
https://www.allrecipes.com/cook/10992448
https://www.allrecipes.com/cook/25315193
https://www.allrecipes.com/cook/20608793
https://www.allrecipes.com/how-to-make-trader-joes-2-ingredient-mac-and-cheese-8362330
https://www.allrecipes.com/sprite-chill-strawberry-kiwi-11696430
https://www.allrecipes.com/del-taco-blueberry-sprite-8770143
https://www.allrecipes.com/cook/8449791
https://www.allrecipes.com/cook/madcook26
https://www.allrecipes.com/baskin-robbins-march-flavor-of-the-month-oreo-collab-8602785
https://www.allrecipes.com/baskin-robbins-february-flavor-of-the-month-2024-8550072
https://www.allrecipes.com/baskin-robbins-december-flavor-of-the-month-2023-8408557
https://www.allrecipes.com/the-most-popular-doritos-flavors-taste-test-8722732
https://www.allrecipes.com/cook/16261910
https://www.allrecipes.com/cook/52afbbd714f7202c
https://www.allrecipes.com/cook/24505730
https://www.allrecipes.com/cook/5317411
https://www.allrecipes.com/cook/17190294
https://www.allrecipes.com/cook/14644364
https://www.allrecipes.com/article/parmesan-vs-parmigiano-reggiano-vs-grana-padano/
https://www.allrecipes.com/article/cheeses-to-try-if-you-like-brie/
https://www.allrecipes.com/cook/21385015
https://www.allrecipes.com/doritos-flamin-hot-korean-style-bbq-walmart-11700603
https://www.allrecipes.com/wendys-saucy-nuggets-launch-2024-8656094
https://www.allrecipes.com/recipes/17366/desserts/pies/no-bake-pies/chiffon-pie/
https://www.allrecipes.com/cook/20916593
https://www.allrecipes.com/cook/9153677
https://www.allrecipes.com/cook/27971512
https://www.allrecipes.com/cook/11274130
https://www.allrecipes.com/cook/2108177
https://www.allrecipes.com/cook/21759004
https://www.allrecipes.com/cook/20650714
https://www.allrecipes.com/gallery/best-cabbage-recipes/
https://www.allrecipes.com/lazy-fall-dinners-ideas-8712886
https://www.allrecipes.com/cook/20220087
https://www.allrecipes.com/cook/13432226
https://www.allrecipes.com/cook/22437895
https://www.allrecipes.com/best-fast-food-chicken-tenders-taste-test-8550455
https://www.allrecipes.com/article/frugal-grocery-shopping-tips/
https://www.allrecipes.com/article/food-budget-40-per-week-in-new-york-city/
https://www.allrecipes.com/article/50-dollar-grocery-budget/
https://www.allrecipes.com/cook/12503394
https://www.allrecipes.com/cook/5531614
https://www.allrecipes.com/cook/loremipsum
https://www.allrecipes.com/cook/abapplez
https://www.allrecipes.com/article/5-top-rated-rhubarb-dessert-recipes/
https://www.allrecipes.com/cook/14702360
https://www.allrecipes.com/cook/11114152
https://www.allrecipes.com/cook/14728558
https://www.allrecipes.com/cook/22392037
https://www.allrecipes.com/cook/22232683
https://www.allrecipes.com/cook/223021
https://www.allrecipes.com/cook/4641459
https://www.allrecipes.com/cook/17780044
https://www.allrecipes.com/article/allrecipes-cook-to-follow-jenny-aleman/
https://www.allrecipes.com/recipes/13348/desserts/cookies/nut-cookies/pecan/
https://www.allrecipes.com/article/what-is-horseradish/
https://www.allrecipes.com/cook/27204803
https://www.allrecipes.com/article/how-to-make-perfect-fried-eggs/
https://www.allrecipes.com/cook/29100720
https://www.allrecipes.com/taco-bell-new-cantina-chicken-menu-8607876
https://www.allrecipes.com/you-can-buy-taco-bell-taquitos-at-walmart-8420615
https://www.allrecipes.com/aldi-taco-bell-copycat-tostada-8638796
https://www.allrecipes.com/aldi-haagen-dazs-copycat-ice-cream-bars-8642300
https://www.allrecipes.com/cook/3757903
https://www.allrecipes.com/article/what-is-curry-powder/
https://www.allrecipes.com/cook/29895283
https://www.allrecipes.com/article/arsenic-in-rice/
https://www.allrecipes.com/cook/13515262
https://www.allrecipes.com/cook/11139940
https://www.allrecipes.com/cook/9869843
https://www.allrecipes.com/cook/1892861
https://www.allrecipes.com/cook/skitles
https://www.allrecipes.com/gallery/favorite-traditional-cuban-recipes/
https://www.allrecipes.com/cook/17778393
https://www.allrecipes.com/cook/27944585
https://www.allrecipes.com/cook/indieyum
https://www.allrecipes.com/cook/10296902
https://www.allrecipes.com/cook/snikkerdoodlenotsnickerdoodle
https://www.allrecipes.com/cook/20030080
https://www.allrecipes.com/cook/3807381
https://www.allrecipes.com/cook/4818003
https://www.allrecipes.com/article/what-are-leeks/
https://www.allrecipes.com/article/regional-chili-guide/
https://www.allrecipes.com/article/eight-glasses-of-water-per-day/
https://www.allrecipes.com/article/a-months-worth-of-kid-approved-recipes/
https://www.allrecipes.com/cook/13918239
https://www.allrecipes.com/cook/15059613
https://www.allrecipes.com/cook/29460560
https://www.allrecipes.com/cook/862205
https://www.allrecipes.com/cook/29514533
https://www.allrecipes.com/hefty-trash-bags-cinnamon-pumpkin-spice-scent-8699247
https://www.allrecipes.com/cook/pennylouise
https://www.allrecipes.com/author/alyssa-sybertz/
https://www.allrecipes.com/recipes/15466/side-dish/fries/
https://www.allrecipes.com/cook/26990636
https://www.allrecipes.com/cook/3234599
https://www.allrecipes.com/cook/20413724
https://www.allrecipes.com/domino-new-bakers-sugar-11706517
https://www.allrecipes.com/cook/21838442
https://www.allrecipes.com/cook/11817322
https://www.allrecipes.com/cook/26148094
https://www.allrecipes.com/cook/2510714
https://www.allrecipes.com/aldi-mama-cozzis-pan-pepperoni-pizza-8736264
https://www.allrecipes.com/reeses-cake-parfait-8752412
https://www.allrecipes.com/cook/3284964
https://www.allrecipes.com/cook/5599416
https://www.allrecipes.com/canada-dry-returning-cranberry-and-blackberry-flavors-8720637
https://www.allrecipes.com/cook/22598773
https://www.allrecipes.com/cook/15379077
https://www.allrecipes.com/author/jessica-harlan/
https://www.allrecipes.com/recipes/16157/bread/quick-bread/muffins/zucchini-muffins/
https://www.allrecipes.com/cook/lindagwynn
https://www.allrecipes.com/cook/24831348
https://www.allrecipes.com/cook/4723492
https://www.allrecipes.com/gallery/quick-and-easy-vegetarian-soups/
https://www.allrecipes.com/casseroles-you-can-make-in-just-one-hour-7369429
https://www.allrecipes.com/cook/15970202
https://www.allrecipes.com/cook/25564344
https://www.allrecipes.com/article/how-to-make-shrimp-and-grits/
https://www.allrecipes.com/cook/14955368
https://www.allrecipes.com/cook/9680144
https://www.allrecipes.com/cook/16331488
https://www.allrecipes.com/cook/3494789
https://www.allrecipes.com/cook/f6556528dbfc4eea
https://www.allrecipes.com/recipes/14772/soups-stews-and-chili/chowders/fish-chowder/
https://www.allrecipes.com/recipes/16182/main-dish/savory-pies/pot-pie/turkey-pot-pie/
https://www.allrecipes.com/article/how-to-use-thanksgiving-leftovers/
https://www.allrecipes.com/cook/3494623
https://www.allrecipes.com/audrey-hepburn-4-ingredient-peach-dessert-8673467
https://www.allrecipes.com/cook/24928835
https://www.allrecipes.com/cook/4694294
https://www.allrecipes.com/cook/27788881
https://www.allrecipes.com/cook/24085998
https://www.allrecipes.com/cook/6124183
https://www.allrecipes.com/recipes/2034/drinks/coffee/mochas/
https://www.allrecipes.com/cook/28765151
https://www.allrecipes.com/cook/16736485
https://www.allrecipes.com/cook/25337171
https://www.allrecipes.com/cook/672386
https://www.allrecipes.com/cook/27582756
https://www.allrecipes.com/cook/17841423
https://www.allrecipes.com/cook/24203768
https://www.allrecipes.com/cook/25065133
https://www.allrecipes.com/ina-garten-easy-lasagna-trick-8426272
https://www.allrecipes.com/cook/2261315
https://www.allrecipes.com/cook/11509084
https://www.allrecipes.com/cook/3197504
https://www.allrecipes.com/cook/6464371
https://www.allrecipes.com/cook/5406545
https://www.allrecipes.com/cook/20463979
https://www.allrecipes.com/article/desperation-pies/
https://www.allrecipes.com/affiliate/m-kitchen-world-silicone-spatula-set-sale-amazon/
https://www.allrecipes.com/lazy-winter-recipes-8770171
https://www.allrecipes.com/puckway-icing-spatula-set-8550851
https://www.allrecipes.com/what-is-creamy-elote-dip-8682057
https://www.allrecipes.com/aunts-family-favorite-5-layer-bean-dip-recipe-8711429
https://www.allrecipes.com/we-tried-million-dollar-queso-dip-8641896
https://www.allrecipes.com/cook/5059379
https://www.allrecipes.com/pyrex-measuring-cup-sale-amazon-7564054
https://www.allrecipes.com/meet-brown-bears-4-ingredient-campfire-snack-8649491
https://www.allrecipes.com/gallery/summer-layer-dips/
https://www.allrecipes.com/cook/24552628
https://www.allrecipes.com/how-to-make-deep-fried-deviled-eggs-8610714
https://www.allrecipes.com/cook/4574328
https://www.allrecipes.com/cook/26002585
https://www.allrecipes.com/cook/21025846
https://www.allrecipes.com/cook/399114
https://www.allrecipes.com/cook/979477
https://www.allrecipes.com/cook/14530026
https://www.allrecipes.com/cook/4815418
https://www.allrecipes.com/cook/5332471
https://www.allrecipes.com/wendys-december-deals-2023-8413384
https://www.allrecipes.com/cook/24821497
https://www.allrecipes.com/cook/3100846
https://www.allrecipes.com/popcorners-jalapeno-popper-launch-8641661
https://www.allrecipes.com/lays-flavor-that-hits-home-line-launch-8612977
https://www.allrecipes.com/cook/rainbowjewels
https://www.allrecipes.com/cook/27168455
https://www.allrecipes.com/cook/6100437
https://www.allrecipes.com/frozen-fruit-dessert-recipes-8737253
https://www.allrecipes.com/vintage-icebox-dessert-recipes-8672425
https://www.allrecipes.com/cook/twangerstudios
https://www.allrecipes.com/foods-in-every-southern-pantry-7153385
https://www.allrecipes.com/cook/kate571
https://www.allrecipes.com/costco-frozen-nuggets-public-health-alert-dec-2024-8756627
https://www.allrecipes.com/cook/11989726
https://www.allrecipes.com/cook/2943349
https://www.allrecipes.com/cook/29170775
https://www.allrecipes.com/cook/546263
https://www.allrecipes.com/cook/15955450
https://www.allrecipes.com/cook/15967444
https://www.allrecipes.com/cook/1826680
https://www.allrecipes.com/cook/3339853
https://www.allrecipes.com/cook/24812033
https://www.allrecipes.com/recipes/17641/meat-and-poultry/beef/steaks/flat-iron-steak/
https://www.allrecipes.com/article/how-to-make-healthy-trail-mix/
https://www.allrecipes.com/article/are-frozen-vegetables-healthy/
https://www.allrecipes.com/article/eat-the-rainbow-for-a-longer-healthier-life/
https://www.allrecipes.com/cook/22099465
https://www.allrecipes.com/cook/1440806
https://www.allrecipes.com/cook/3332613
https://www.allrecipes.com/cook/15188473
https://www.allrecipes.com/cook/13680705
https://www.allrecipes.com/gallery/the-best-recipes-with-harissa-sauce/
https://www.allrecipes.com/gallery/favorite-egyptian-recipes/
https://www.allrecipes.com/cook/7872744
https://www.allrecipes.com/cook/21010854
https://www.allrecipes.com/cook/21920608
https://www.allrecipes.com/recipes/16833/appetizers-and-snacks/bruschetta/
https://www.allrecipes.com/cook/15512561
https://www.allrecipes.com/recipes/22857/main-dish/dumplings/pierogies/
https://www.allrecipes.com/cook/26923434
https://www.allrecipes.com/cook/14027846
https://www.allrecipes.com/cook/3152497
https://www.allrecipes.com/cook/10002510
https://www.allrecipes.com/cook/28564393
https://www.allrecipes.com/cook/15255609
https://www.allrecipes.com/cook/2702418
https://www.allrecipes.com/cook/francecevallos
https://www.allrecipes.com/article/sams-club-holiday-food-deals-december-2022/
https://www.allrecipes.com/cook/16935663
https://www.allrecipes.com/cook/25717959
https://www.allrecipes.com/article/how-to-pan-sear-salmon/
https://www.allrecipes.com/gallery/best-grilled-salmon-recipes/
https://www.allrecipes.com/article/salmon-cooking-mistakes/
https://www.allrecipes.com/article/my-random-acts-of-kindness-casserole-super-easy/
https://www.allrecipes.com/gallery/best-recipes-with-miso-paste/
https://www.allrecipes.com/cook/6451950
https://www.allrecipes.com/cook/14630821
https://www.allrecipes.com/cook/16661809
https://www.allrecipes.com/cook/27783384
https://www.allrecipes.com/cook/26123407
https://www.allrecipes.com/cook/565621
https://www.allrecipes.com/cook/8444188
https://www.allrecipes.com/cook/20568052
https://www.allrecipes.com/cook/hackmaster-t
https://www.allrecipes.com/cook/1837760
https://www.allrecipes.com/recipes/916/side-dish/sauces-and-condiments/gravy/
https://www.allrecipes.com/recipes/982/holidays-and-events/thanksgiving/side-dishes/gravy/
https://www.allrecipes.com/cook/28395128
https://www.allrecipes.com/cook/5129410
https://www.allrecipes.com/cook/7410698
https://www.allrecipes.com/cook/14091909
https://www.allrecipes.com/cook/1346181
https://www.allrecipes.com/cook/6253875
https://www.allrecipes.com/oreo-limited-time-cookie-march-2024-8611737
https://www.allrecipes.com/cook/14965806
https://www.allrecipes.com/article/food-storage-mistakes/
https://www.allrecipes.com/can-you-store-an-open-can-of-food-8717105
https://www.allrecipes.com/affiliate/best-food-storage-containers/
https://www.allrecipes.com/how-to-tell-if-salmon-is-bad-8736803
https://www.allrecipes.com/cook/1423581
https://www.allrecipes.com/cook/gquilts
https://www.allrecipes.com/cook/becann
https://www.allrecipes.com/cook/850201
https://www.allrecipes.com/cook/12363156
https://www.allrecipes.com/paris-hilton-nonstick-fry-pan-sale-walmart-8624823
https://www.allrecipes.com/walmart-carote-cookware-set-sale-8608278
https://www.allrecipes.com/churchs-chicken-brings-back-purple-pepper-sauce-7964158
https://www.allrecipes.com/recipes/942/holidays-and-events/christmas/desserts/cakes/
https://www.allrecipes.com/recipes/947/holidays-and-events/christmas/desserts/candy/
https://www.allrecipes.com/cook/1267308
https://www.allrecipes.com/cook/20507611
https://www.allrecipes.com/cook/6834116
https://www.allrecipes.com/cook/13690951
https://www.allrecipes.com/article/cheap-and-easy-casserole-recipes/
https://www.allrecipes.com/cook/14379770
https://www.allrecipes.com/cook/26774012
https://www.allrecipes.com/cook/2567878
https://www.allrecipes.com/cook/12705063
https://www.allrecipes.com/cook/2565125
https://www.allrecipes.com/cook/21156624
https://www.allrecipes.com/cook/7541744
https://www.allrecipes.com/cook/17330087
https://www.allrecipes.com/cook/2315183/
https://www.allrecipes.com/cook/1862857
https://www.allrecipes.com/stanley-loveshackfancy-holiday-collection-2024-8743507
https://www.allrecipes.com/sams-club-serving-bowl-set-pottery-barn-copycat-8664319
https://www.allrecipes.com/cook/27017403
https://www.allrecipes.com/cook/25946007
https://www.allrecipes.com/recipes/16809/drinks/coffee/lattes/
https://www.allrecipes.com/article/why-are-arbys-sauces-so-good/
https://www.allrecipes.com/article/urban-churn-sauerkraut-ice-cream/
https://www.allrecipes.com/article/dairy-queen-blizzard-menu-summer-2020/
https://www.allrecipes.com/trader-joes-peppermint-white-russian-2024-8751920
https://www.allrecipes.com/cook/12997695
https://www.allrecipes.com/cook/26098723
https://www.allrecipes.com/article/ree-drummonds-slow-cooker-queso/
https://www.allrecipes.com/cook/5864351
https://www.allrecipes.com/cook/11244958
https://www.allrecipes.com/cook/27452700
https://www.allrecipes.com/cook/24304946
https://www.allrecipes.com/cook/10440980
https://www.allrecipes.com/cook/939980
https://www.allrecipes.com/cook/12317830
https://www.allrecipes.com/cook/21997103
https://www.allrecipes.com/cook/25901580
https://www.allrecipes.com/lays-nashville-hot-chips-return-8745294
https://www.allrecipes.com/cook/12025101
https://www.allrecipes.com/cook/3972962
https://www.allrecipes.com/cook/pchanner
https://www.allrecipes.com/recipes/16867/appetizers-and-snacks/snacks/kids/quick-and-easy/
https://www.allrecipes.com/cook/16326100
https://www.allrecipes.com/recipes/2443/fruits-and-vegetables/vegetables/greens/watercress/
https://www.allrecipes.com/cook/24249909
https://www.allrecipes.com/cook/227256b618ae8616
https://www.allrecipes.com/cook/22197012
https://www.allrecipes.com/cook/24421006
https://www.allrecipes.com/cook/2027312
https://www.allrecipes.com/cook/15862471
https://www.allrecipes.com/cook/24244564
https://www.allrecipes.com/cook/20496857
https://www.allrecipes.com/cook/368035
https://www.allrecipes.com/cook/d7980917be5d463e
https://www.allrecipes.com/focaccia-4-ways-11690261
https://www.allrecipes.com/cook/27357808
https://www.allrecipes.com/cook/13207603
https://www.allrecipes.com/cook/9030992
https://www.allrecipes.com/cook/3154645
https://www.allrecipes.com/cook/a656b55d6ea73110
https://www.allrecipes.com/cook/22255902
https://www.allrecipes.com/cook/22765023
https://www.allrecipes.com/cook/1271132
https://www.allrecipes.com/cook/foxylady
https://www.allrecipes.com/cook/9440772
https://www.allrecipes.com/cook/17347436
https://www.allrecipes.com/cook/16750580
https://www.allrecipes.com/cook/3447076
https://www.allrecipes.com/cook/11793054
https://www.allrecipes.com/cook/8070609
https://www.allrecipes.com/cook/27360265
https://www.allrecipes.com/cook/15214543
https://www.allrecipes.com/cook/14995092
https://www.allrecipes.com/cook/20954667
https://www.allrecipes.com/cook/17632135
https://www.allrecipes.com/article/cheese-shelf-life-expiration/
https://www.allrecipes.com/cook/10655991
https://www.allrecipes.com/recipes/1991/everyday-cooking/on-the-go/road-trip-snacks/
https://www.allrecipes.com/cook/24296649
https://www.allrecipes.com/cook/13800831
https://www.allrecipes.com/cook/15794473
https://www.allrecipes.com/cook/creativecookingmom
https://www.allrecipes.com/cook/14794396
https://www.allrecipes.com/cook/10154101
https://www.allrecipes.com/cook/allenadri
https://www.allrecipes.com/gallery/easy-sheet-pan-suppers-for-fall/
https://www.allrecipes.com/gallery/best-christmas-breakfast-recipes/
https://www.allrecipes.com/cook/1483274/
https://www.allrecipes.com/the-best-rotisserie-chicken-according-to-chefs-8731497
https://www.allrecipes.com/wendys-is-giving-away-free-fries-this-week-7967287
https://www.allrecipes.com/chick-fil-a-elevated-drive-thru-august-2024-8700096
https://www.allrecipes.com/cook/17858389
https://www.allrecipes.com/cook/23122515
https://www.allrecipes.com/cook/2690283
https://www.allrecipes.com/cook/3527925
https://www.allrecipes.com/cook/12676789
https://www.allrecipes.com/best-ketchup-blind-taste-test-8624713
https://www.allrecipes.com/recipes/1616/us-recipes/us-recipes-by-state/pennsylvania/pittsburgh/
https://www.allrecipes.com/raos-ketchup-launch-8401795
https://www.allrecipes.com/arbys-new-chardonneighs-horsey-sauce-8641311
https://www.allrecipes.com/cook/6345f426b7c41f21
https://www.allrecipes.com/cook/30998436
https://www.allrecipes.com/gallery/healthy-dinners-for-two/
https://www.allrecipes.com/recipes-we-cant-wait-to-make-april-2025-11703877
https://www.allrecipes.com/the-4-ingredient-snack-i-wait-all-year-to-make-8635155
https://www.allrecipes.com/costco-new-kit-kat-kit-gingerbread-house-cabin-8406125
https://www.allrecipes.com/cook/21501041
https://www.allrecipes.com/lazy-fall-soup-recipes-8720946
https://www.allrecipes.com/cook/13234786
https://www.allrecipes.com/cook/25967724
https://www.allrecipes.com/article/my-grandmas-best-kahlua-cake/
https://www.allrecipes.com/cook/5270191
https://www.allrecipes.com/cook/9552083
https://www.allrecipes.com/cook/24822922
https://www.allrecipes.com/viral-2-ingredient-trader-joes-dumpling-soup-lazy-meal-8348667
https://www.allrecipes.com/cook/20856696
https://www.allrecipes.com/cook/16450381
https://www.allrecipes.com/cook/5748682
https://www.allrecipes.com/recipes/975/holidays-and-events/thanksgiving/turkey/
https://www.allrecipes.com/cook/30587201
https://www.allrecipes.com/gallery/fancy-comfort-food-recipes/
https://www.allrecipes.com/cook/23598363
https://www.allrecipes.com/cook/23273870
https://www.allrecipes.com/cook/1700149
https://www.allrecipes.com/cook/10038798
https://www.allrecipes.com/cook/367695
https://www.allrecipes.com/weirdest-pepsi-products-of-all-time-7561134
https://www.allrecipes.com/cook/24013218
https://www.allrecipes.com/cook/29321712
https://www.allrecipes.com/cook/25467727
https://www.allrecipes.com/cook/25576672
https://www.allrecipes.com/cook/29565522
https://www.allrecipes.com/article/difference-between-freestone-and-clingstone-peaches/
https://www.allrecipes.com/slow-cooker-chicken-mole-8726772
https://www.allrecipes.com/article/what-is-mole-sauce/
https://www.allrecipes.com/cook/5047571
https://www.allrecipes.com/cook/10699992
https://www.allrecipes.com/canned-tuna-recall-february-2025-8788892
https://www.allrecipes.com/cook/15638069
https://www.allrecipes.com/cook/17271659
https://www.allrecipes.com/cook/22292646
https://www.allrecipes.com/cook/12767762
https://www.allrecipes.com/glass-stovetop-mistakes-8783436
https://www.allrecipes.com/cook/12704983
https://www.allrecipes.com/cook/547168
https://www.allrecipes.com/what-is-chick-fil-a-little-blue-menu-restaurant-7969096
https://www.allrecipes.com/cook/13821553
https://www.allrecipes.com/cook/whirledpeas
https://www.allrecipes.com/article/allrecipes-cook-to-follow-jessica-lawson/
https://www.allrecipes.com/best-grocery-store-dill-pickle-taste-test-8683988
https://www.allrecipes.com/aldi-atomic-spicy-pickles-return-8647869
https://www.allrecipes.com/aldi-park-street-deli-layered-dip-8644505
https://www.allrecipes.com/gallery/easy-dip-recipes/
https://www.allrecipes.com/meet-alabama-chicken-stew-8770893
https://www.allrecipes.com/gallery/what-food-is-alabama-known-for/
https://www.allrecipes.com/gallery/tomato-sandwich-recipes/
https://www.allrecipes.com/tomato-and-basil-recipes-8691518
https://www.allrecipes.com/dunkin-new-hard-iced-coffees-and-teas-7644176
https://www.allrecipes.com/dunkin-late-summer-menu-2024-8669045
https://www.allrecipes.com/dunkin-holiday-menu-2024-8735521
https://www.allrecipes.com/dunkin-holiday-menu-2023-8384305
https://www.allrecipes.com/dunkin-fall-menu-2024-8702229
https://www.allrecipes.com/mcdonalds-five-dollar-meal-deal-8666166
https://www.allrecipes.com/article/types-of-steak/
https://www.allrecipes.com/cook/27427495
https://www.allrecipes.com/article/pescetarian-dinners/
https://www.allrecipes.com/cook/11400890
https://www.allrecipes.com/cook/16405793
https://www.allrecipes.com/cook/latinacook
https://www.allrecipes.com/cook/20711790
https://www.allrecipes.com/cook/3165226
https://www.allrecipes.com/cook/melanie214
https://www.allrecipes.com/cook/26294369
https://www.allrecipes.com/cook/9f9170c32f54bfd6
https://www.allrecipes.com/cook/10908225
https://www.allrecipes.com/recipes/1517/world-cuisine/latin-american/mexican/soups-and-stews/chicken/
https://www.allrecipes.com/cook/21941322
https://www.allrecipes.com/cook/26877497
https://www.allrecipes.com/viral-onion-ring-chips-trend-11695923
https://www.allrecipes.com/gallery/easy-christmas-candy/
https://www.allrecipes.com/diner-food-recipes-8695698
https://www.allrecipes.com/cook/28805108
https://www.allrecipes.com/kristin-montemarano-6828834
https://www.allrecipes.com/cook/15320671
https://www.allrecipes.com/cook/7983440
https://www.allrecipes.com/cook/9577721
https://www.allrecipes.com/cook/1532140
https://www.allrecipes.com/cook/11119348
https://www.allrecipes.com/article/back-to-school-kitchen-transition/
https://www.allrecipes.com/cook/8779935
https://www.allrecipes.com/cook/3518074
https://www.allrecipes.com/cook/10688475
https://www.allrecipes.com/cook/4993887
https://www.allrecipes.com/cook/23034341
https://www.allrecipes.com/cook/10898780
https://www.allrecipes.com/cook/29296859
https://www.allrecipes.com/cook/24762470
https://www.allrecipes.com/nothing-bundt-cakes-oreo-cookies-and-cream-flavor-8598701
https://www.allrecipes.com/kfc-new-funnel-cake-fries-7693573
https://www.allrecipes.com/cook/28101538
https://www.allrecipes.com/cook/13810475
https://www.allrecipes.com/cook/columbiagorgelvr
https://www.allrecipes.com/cook/16635163
https://www.allrecipes.com/50-dollar-grocery-budget-and-dinners-for-one-week-8549649
https://www.allrecipes.com/cook/30086402
https://www.allrecipes.com/author/breana-lai-killeen/
https://www.allrecipes.com/kitchen-skills-you-should-know-by-age-30-7372139
https://www.allrecipes.com/article/how-to-make-italian-sunday-sauce/
https://www.allrecipes.com/gallery/pasta-sauce-ideas/
https://www.allrecipes.com/gallery/vodka-pasta-recipes/
https://www.allrecipes.com/do-bay-leaves-do-anything-8546584
https://www.allrecipes.com/gallery/the-best-soups-ready-in-under-an-hour/
https://www.allrecipes.com/gallery/what-to-eat-with-tomato-soup/
https://www.allrecipes.com/gallery/pull-apart-breads-to-share/
https://www.allrecipes.com/article/better-buns-mean-the-best-burgers/
https://www.allrecipes.com/cook/629596/
https://www.allrecipes.com/cook/5826589
https://www.allrecipes.com/cook/20158e6ec541ce28
https://www.allrecipes.com/cook/9912938
https://www.allrecipes.com/cook/dawn1
https://www.allrecipes.com/cook/26248430
https://www.allrecipes.com/trader-joes-return-policy-7369659
https://www.allrecipes.com/article/how-to-get-costco-membership-revoked/
https://www.allrecipes.com/best-summer-costco-products-7504009
https://www.allrecipes.com/back-to-school-savings-at-costco-august-2023-7571294
https://www.allrecipes.com/gallery/top-rated-air-fryer-recipes/
https://www.allrecipes.com/cook/24948129
https://www.allrecipes.com/gallery/loaf-cake-recipes/
https://www.allrecipes.com/cook/998380
https://www.allrecipes.com/cook/breadmakermomma
https://www.allrecipes.com/cook/20611624
https://www.allrecipes.com/cook/20308584
https://www.allrecipes.com/cook/23284746
https://www.allrecipes.com/cook/27552855
https://www.allrecipes.com/article/stok-pumpkin-spice-cold-brew/
https://www.allrecipes.com/cook/robtanner
https://www.allrecipes.com/cook/25595018
https://www.allrecipes.com/cook/14757089
https://www.allrecipes.com/cook/30597270
https://www.allrecipes.com/friends-themed-slow-cooker-8405330
https://www.allrecipes.com/amazon-unique-kitchen-gadgets-april-2025-11707985
https://www.allrecipes.com/cook/2319246
https://www.allrecipes.com/article/potato-starch-vs-potato-flour/
https://www.allrecipes.com/the-best-fast-food-chicken-nuggets-7510041
https://www.allrecipes.com/ina-garten-borrowed-raos-meatball-secret-11690211
https://www.allrecipes.com/three-ingredient-raos-spicy-rigatoni-pasta-8737816
https://www.allrecipes.com/three-ingredient-creme-brulee-cookies-8746696
https://www.allrecipes.com/most-clicked-holiday-cookie-newsletter-snowball-cookies-8369248
https://www.allrecipes.com/cook/27003112
https://www.allrecipes.com/recipes/720/world-cuisine/european/dutch/
https://www.allrecipes.com/cook/14233223
https://www.allrecipes.com/cook/mrswolfie
https://www.allrecipes.com/cook/27332089
https://www.allrecipes.com/cook/10373206
https://www.allrecipes.com/cook/4485869
https://www.allrecipes.com/cook/2995065
https://www.allrecipes.com/recipes/17213/everyday-cooking/seasonal/fall/desserts/
https://www.allrecipes.com/cook/22455720
https://www.allrecipes.com/cook/23579402
https://www.allrecipes.com/cook/2298602
https://www.allrecipes.com/the-trick-to-legendary-scrambled-eggs-7367969
https://www.allrecipes.com/i-tried-scrambled-oats-breakfast-trend-8639220
https://www.allrecipes.com/article/how-to-ripen-bananas-faster/
https://www.allrecipes.com/new-cinnamon-toast-crunch-waffle-cereal-8696266
https://www.allrecipes.com/haribo-gummi-crocs-collab-11696115
https://www.allrecipes.com/haribo-making-wildberry-goldbears-permanent-8717756
https://www.allrecipes.com/snickers-fall-flavor-returns-8687785
https://www.allrecipes.com/cook/3417268
https://www.allrecipes.com/recipes/153/breakfast-and-brunch/eggs/quiche/
https://www.allrecipes.com/cook/21714944
https://www.allrecipes.com/cook/11384749
https://www.allrecipes.com/cook/b639acba7ce3defb
https://www.allrecipes.com/cook/14439589
https://www.allrecipes.com/cook/18214976
https://www.allrecipes.com/gallery/easy-recipes-for-college-students/
https://www.allrecipes.com/cook/1012359/
https://www.allrecipes.com/cook/25736357
https://www.allrecipes.com/cook/6517472
https://www.allrecipes.com/crinkle-cake-new-favorite-easy-dessert-8418376
https://www.allrecipes.com/cook/6548862
https://www.allrecipes.com/cook/23659871
https://www.allrecipes.com/cook/14504018
https://www.allrecipes.com/recipes/16980/fruits-and-vegetables/beans-and-peas/garbanzo-beans/
https://www.allrecipes.com/recipes/17028/fruits-and-vegetables/beans-and-peas/soybeans/
https://www.allrecipes.com/cook/1958256
https://www.allrecipes.com/cook/4296946
https://www.allrecipes.com/cook/4124298
https://www.allrecipes.com/cook/11830734
https://www.allrecipes.com/cook/4863199
https://www.allrecipes.com/5-best-costco-deals-october-2024-8718499
https://www.allrecipes.com/cook/22689098
https://www.allrecipes.com/recipes/1311/breakfast-and-brunch/cereals/granola/
https://www.allrecipes.com/cook/rubypixel
https://www.allrecipes.com/cook/7948851
https://www.allrecipes.com/aldi-frozen-cotton-candy-grapes-launch-7644345
https://www.allrecipes.com/cook/25760826
https://www.allrecipes.com/cook/9546266
https://www.allrecipes.com/cook/8253005
https://www.allrecipes.com/recipes/547/pasta-and-noodles/pasta-by-shape/manicotti/
https://www.allrecipes.com/article/tiktok-3-ingredient-pizza-appetizer/
https://www.allrecipes.com/cook/16787405
https://www.allrecipes.com/cook/6475129
https://www.allrecipes.com/cook/3046655
https://www.allrecipes.com/cook/11741132
https://www.allrecipes.com/dolly-parton-lodge-collection-8608520
https://www.allrecipes.com/dolly-parton-new-party-products-at-walmart-8422898
https://www.allrecipes.com/cook/22706642
https://www.allrecipes.com/article/what-is-a-tomatillo/
https://www.allrecipes.com/cook/619579
https://www.allrecipes.com/cook/8762208
https://www.allrecipes.com/recipes/15334/healthy-recipes/breakfast-and-brunch/
https://www.allrecipes.com/cook/27915675
https://www.allrecipes.com/cook/24742333
https://www.allrecipes.com/article/we-tried-copycat-taco-bell-mexican-pizza/
https://www.allrecipes.com/article/digiorno-buffalo-chicken-ranch-stuffed-pizza/
https://www.allrecipes.com/recipes/22508/trusted-brands-recipes-and-tips/almond-breeze/
https://www.allrecipes.com/recipes/17784/trusted-brands-recipes-and-tips/in-the-raw-sweeteners/
https://www.allrecipes.com/cook/24494020
https://www.allrecipes.com/recipes/999/main-dish/meatloaf/turkey-meatloaf/
https://www.allrecipes.com/cook/6261564
https://www.allrecipes.com/cook/10268038
https://www.allrecipes.com/starbucks-new-at-home-crema-collection-11678709
https://www.allrecipes.com/best-vanilla-creamer-taste-test-8706318
https://www.allrecipes.com/article/difference-between-creamer-half-and-half/
https://www.allrecipes.com/cook/4252319
https://www.allrecipes.com/cook/scatcatrachel
https://www.allrecipes.com/article/what-is-canning-salt/
https://www.allrecipes.com/article/what-does-it-mean-to-bloom-spices/
https://www.allrecipes.com/cook/7714435
https://www.allrecipes.com/cook/17024211
https://www.allrecipes.com/cook/20772311
https://www.allrecipes.com/cook/1450707
https://www.allrecipes.com/cook/3905693
https://www.allrecipes.com/cook/9752513
https://www.allrecipes.com/cook/13247908
https://www.allrecipes.com/cook/7949624
https://www.allrecipes.com/cook/2132788
https://www.allrecipes.com/cook/21003325
https://www.allrecipes.com/cook/12137372
https://www.allrecipes.com/cook/12529837
https://www.allrecipes.com/cook/24007866
https://www.allrecipes.com/cook/22512996
https://www.allrecipes.com/cook/15704104
https://www.allrecipes.com/cook/16528630
https://www.allrecipes.com/cook/17946962
https://www.allrecipes.com/article/grilled-cheese-mistakes/
https://www.allrecipes.com/cook/11218886
https://www.allrecipes.com/cook/7967247
https://www.allrecipes.com/cook/18e2e898d7f0b722
https://www.allrecipes.com/cook/20418302
https://www.allrecipes.com/cook/6106797
https://www.allrecipes.com/cook/687138
https://www.allrecipes.com/cook/3342691
https://www.allrecipes.com/cook/a87bde8e3e70e4c7
https://www.allrecipes.com/cook/5217128
https://www.allrecipes.com/cook/13530484
https://www.allrecipes.com/cook/22615406
https://www.allrecipes.com/cook/27999138
https://www.allrecipes.com/cook/103360
https://www.allrecipes.com/aldi-mama-cozzis-pizza-cookie-confetti-sugar-cookie-8785258
https://www.allrecipes.com/aldi-brownie-mix-ghirardelli-dupe-8705843
https://www.allrecipes.com/gallery/grandmas-best-cobblers/
https://www.allrecipes.com/cook/8958607
https://www.allrecipes.com/cook/12739326
https://www.allrecipes.com/cook/15572361
https://www.allrecipes.com/cook/5983684
https://www.allrecipes.com/cook/4805413
https://www.allrecipes.com/gallery/cauliflower-air-fryer-recipes/
https://www.allrecipes.com/recipes/16198/salad/pasta-salad/fruit-pasta-salad/
https://www.allrecipes.com/cook/083b5cc013b7666c
https://www.allrecipes.com/cook/155625
https://www.allrecipes.com/cook/tamboden
https://www.allrecipes.com/cook/2634665
https://www.allrecipes.com/cook/10715952
https://www.allrecipes.com/cook/24732392
https://www.allrecipes.com/cook/13061191
https://www.allrecipes.com/cook/13837108
https://www.allrecipes.com/cook/8883040
https://www.allrecipes.com/cook/4781190
https://www.allrecipes.com/cook/8162251
https://www.allrecipes.com/cook/2694371
https://www.allrecipes.com/cook/25216878
https://www.allrecipes.com/cook/2128473
https://www.allrecipes.com/cook/27887607
https://www.allrecipes.com/cook/23232304
https://www.allrecipes.com/cook/8191479
https://www.allrecipes.com/article/how-make-roasted-garlic-4-easy-ways/
https://www.allrecipes.com/cook/6456748
https://www.allrecipes.com/cook/26763469
https://www.allrecipes.com/cook/9895959
https://www.allrecipes.com/cook/22870390
https://www.allrecipes.com/cook/8120416
https://www.allrecipes.com/cook/2935671
https://www.allrecipes.com/cook/7861726
https://www.allrecipes.com/cook/5766495
https://www.allrecipes.com/cook/4372505
https://www.allrecipes.com/cook/9929147
https://www.allrecipes.com/cook/5108667
https://www.allrecipes.com/cook/1399674
https://www.allrecipes.com/cook/4583833
https://www.allrecipes.com/cook/15710662
https://www.allrecipes.com/cook/20699974
https://www.allrecipes.com/cook/20598386
https://www.allrecipes.com/cook/22226920
https://www.allrecipes.com/gallery/ethiopian-stew-recipes/
https://www.allrecipes.com/cook/8787595
https://www.allrecipes.com/cook/15081863
https://www.allrecipes.com/cook/1003114
https://www.allrecipes.com/cook/27883936
https://www.allrecipes.com/cook/6976392
https://www.allrecipes.com/cook/5004263
https://www.allrecipes.com/recipes/850/desserts/cookies/nut-cookies/
https://www.allrecipes.com/cook/14435629
https://www.allrecipes.com/walmart-broccoli-recall-jan-2025-8768176
https://www.allrecipes.com/the-secret-to-costco-pumpkin-pie-8369222
https://www.allrecipes.com/article/best-canned-pumpkin-puree/
https://www.allrecipes.com/cook/15515761
https://www.allrecipes.com/cook/14677106
https://www.allrecipes.com/recipes/650/meat-and-poultry/chicken/fried-chicken/
https://www.allrecipes.com/cook/15281883
https://www.allrecipes.com/cook/20930045
https://www.allrecipes.com/cook/25475898
https://www.allrecipes.com/recipes/79/desserts/
https://www.allrecipes.com/cook/7758077
https://www.allrecipes.com/cook/14289149
https://www.allrecipes.com/cook/8388541
https://www.allrecipes.com/recipes/631/everyday-cooking/seasonal/fall/
https://www.allrecipes.com/summer-fall-recipes-8701972
https://www.allrecipes.com/cook/3413126
https://www.allrecipes.com/cook/15762050
https://www.allrecipes.com/dunkins-pumpkin-spice-signature-latte-is-back-7643769
https://www.allrecipes.com/cook/1110252
https://www.allrecipes.com/cook/14985527
https://www.allrecipes.com/cook/21349003
https://www.allrecipes.com/cook/12754520
https://www.allrecipes.com/cook/1226490
https://www.allrecipes.com/cook/3320279
https://www.allrecipes.com/cook/14628143
https://www.allrecipes.com/cook/20507286
https://www.allrecipes.com/cook/22586260
https://www.allrecipes.com/cook/2483879
https://www.allrecipes.com/article/are-figs-vegan/
https://www.allrecipes.com/cook/586885
https://www.allrecipes.com/selena-gomez-3-ingredient-summertime-treat-7571252
https://www.allrecipes.com/gallery/best-fall-dessert-recipes/
https://www.allrecipes.com/article/how-to-save-money-with-grocery-delivery/
https://www.allrecipes.com/cook/1423098
https://www.allrecipes.com/cook/8380962
https://www.allrecipes.com/article/can-you-freeze-cheesecake/
https://www.allrecipes.com/article/can-you-freeze-cream-cheese/
https://www.allrecipes.com/article/how-to-freeze-bananas/
https://www.allrecipes.com/article/how-to-freeze-celery/
https://www.allrecipes.com/lodge-3-quart-enameled-dutch-oven-deal-amazon-8717814
https://www.allrecipes.com/cook/15152004
https://www.allrecipes.com/cook/26437555
https://www.allrecipes.com/cook/7069938
https://www.allrecipes.com/can-you-freeze-leftover-wine-7370021
https://www.allrecipes.com/cook/11176875
https://www.allrecipes.com/cook/fam7
https://www.allrecipes.com/cook/28627669
https://www.allrecipes.com/cook/3364201
https://www.allrecipes.com/cook/6023787
https://www.allrecipes.com/cook/14884259
https://www.allrecipes.com/cook/13087613
https://www.allrecipes.com/cook/14498213
https://www.allrecipes.com/pyrex-deals-walmart-january-2025-8780233
https://www.allrecipes.com/best-amazon-prime-day-food-storage-container-early-deals-2024-8716294
https://www.allrecipes.com/pyrex-rubbermaid-walmart-deals-july-2024-8682525
https://www.allrecipes.com/2-ingredient-cheaters-lasagna-recipe-7972500
https://www.allrecipes.com/lasagna-bundt-pan-hack-7973122
https://www.allrecipes.com/how-to-open-a-jar-lid-with-a-tennis-ball-8420340
https://www.allrecipes.com/easy-salmon-skin-removal-hack-7558395
https://www.allrecipes.com/cheesecake-factory-copycat-recipes-8619602
https://www.allrecipes.com/cook/28668782
https://www.allrecipes.com/wendys-new-triple-berry-frosty-8659966
https://www.allrecipes.com/coffee-mate-launches-cocktail-mate-creamers-8735744
https://www.allrecipes.com/cook/5306665
https://www.allrecipes.com/cook/5761127
https://www.allrecipes.com/cook/10749647
https://www.allrecipes.com/cook/9204957
https://www.allrecipes.com/cook/12925488
https://www.allrecipes.com/pioneer-woman-air-fryer-walmart-8681788
https://www.allrecipes.com/walmart-taotronics-air-fryer-toaster-oven-sale-8644906
https://www.allrecipes.com/cook/26030415
https://www.allrecipes.com/article/best-chicken-wings-are-sauce-free/
https://www.allrecipes.com/article/chef-preeti-waas-chicken-wings/
https://www.allrecipes.com/cook/23049046
https://www.allrecipes.com/cook/sandra_92083
https://www.allrecipes.com/princess-diana-favorite-dinner-8776123
https://www.allrecipes.com/food-news-trends/product-reviews/
https://www.allrecipes.com/new-dr-pepper-hot-take-spicy-flavor-8400648
https://www.allrecipes.com/bakeware-reviews-8655526
https://www.allrecipes.com/le-creuset-memorial-day-sales-2024-8653265
https://www.allrecipes.com/amazon-memorial-day-cast-iron-cookware-deals-2024-8653173
https://www.allrecipes.com/affiliate/le-creuset-thanksgiving-baking-dishes-sale/
https://www.allrecipes.com/prime-big-deal-days-early-le-creuset-amazon-sales-8715146
https://www.allrecipes.com/new-ben-and-jerrys-pints-january-2024-8548145
https://www.allrecipes.com/exclusive-jennifer-garner-favorite-real-homemade-bagels-8419670
https://www.allrecipes.com/longform/best-holiday-ice-cream/
https://www.allrecipes.com/blue-bell-returning-christmas-cookies-flavor-2024-8740962
https://www.allrecipes.com/article/jenis-everything-bagel-ice-cream-review/
https://www.allrecipes.com/new-reeses-crunchy-peanuts-mini-cups-8431229
https://www.allrecipes.com/ben-and-jerrys-new-churn-out-the-vote-flavor-8692678
https://www.allrecipes.com/trader-joes-new-burrata-filling-stracciatella-8670765
https://www.allrecipes.com/turkey-hill-late-night-ice-cream-8677088
https://www.allrecipes.com/blue-bell-rereleases-two-fan-favorite-ice-creams-8661501
https://www.allrecipes.com/cook/10417862
https://www.allrecipes.com/recipes/1540/fruits-and-vegetables/vegetables/potatoes/
https://www.allrecipes.com/recipes/13473/fruits-and-vegetables/vegetables/potatoes/white-potatoes/
https://www.allrecipes.com/ground-beef-and-potato-recipes-8639362
https://www.allrecipes.com/cook/10255227
https://www.allrecipes.com/cook/1197175
https://www.allrecipes.com/4-ingredient-ritz-cracker-cookies-8672630
https://www.allrecipes.com/article/what-is-bangers-and-mash/
https://www.allrecipes.com/recipes/1254/desserts/fruit-desserts/apple-desserts/
https://www.allrecipes.com/cook/671022/
https://www.allrecipes.com/cook/1922770
https://www.allrecipes.com/cook/20458254
https://www.allrecipes.com/cook/10422489
https://www.allrecipes.com/cook/22989932
https://www.allrecipes.com/cook/6298992
https://www.allrecipes.com/cook/7352939
https://www.allrecipes.com/cook/5959389
https://www.allrecipes.com/cook/3932916
https://www.allrecipes.com/cook/31329646
https://www.allrecipes.com/cook/10328523
https://www.allrecipes.com/cook/22920962
https://www.allrecipes.com/cook/14666678
https://www.allrecipes.com/cook/20571794
https://www.allrecipes.com/article/top-10-super-easy-quiche-recipes/
https://www.allrecipes.com/cook/23532947
https://www.allrecipes.com/article/how-make-quiche/
https://www.allrecipes.com/article/difference-between-frittata-quiche-strata/
https://www.allrecipes.com/gallery/best-quiche-recipes/
https://www.allrecipes.com/cook/11354245
https://www.allrecipes.com/cook/5134691
https://www.allrecipes.com/cook/14894953
https://www.allrecipes.com/costco-new-caramel-apple-mini-cakes-7968355
https://www.allrecipes.com/costco-new-butternut-sausage-cannelloni-pasta-8386351
https://www.allrecipes.com/how-to-store-butternut-squash-7814216
https://www.allrecipes.com/cook/23894928
https://www.allrecipes.com/cook/18258130
https://www.allrecipes.com/cook/13029150
https://www.allrecipes.com/cook/4816269
https://www.allrecipes.com/cook/3116101
https://www.allrecipes.com/9x13-summer-cake-recipes-8655628
https://www.allrecipes.com/cook/31616469
https://www.allrecipes.com/cook/24442772
https://www.allrecipes.com/cook/23148423
https://www.allrecipes.com/cook/21458352
https://www.allrecipes.com/cook/39277/
https://www.allrecipes.com/cook/15113055
https://www.allrecipes.com/cook/4361329
https://www.allrecipes.com/cook/5073278
https://www.allrecipes.com/aldi-copycat-viennetta-frozen-layer-dessert-8622867
https://www.allrecipes.com/costco-food-court-replaces-strawberry-ice-cream-cups-with-chocolate-8598660
https://www.allrecipes.com/costco-food-court-new-cookie-ice-cream-hack-8550796
https://www.allrecipes.com/this-1-ingredient-upgrade-to-pop-tarts-8613011
https://www.allrecipes.com/reddit-favorite-fluffy-and-delicious-pancake-recipe-8597973
https://www.allrecipes.com/cook/24013409
https://www.allrecipes.com/costco-combo-pizza-may-be-returning-8620995
https://www.allrecipes.com/secret-to-costco-food-court-pizza-8424299
https://www.allrecipes.com/my-dads-secret-for-the-fluffiest-pancakes-7547374
https://www.allrecipes.com/q-and-a-with-savannah-guthrie-7567095
https://www.allrecipes.com/costco-food-court-cookies-making-people-sick-8422556
https://www.allrecipes.com/cook/12389005
https://www.allrecipes.com/cook/jillcasey84
https://www.allrecipes.com/cook/23668250
https://www.allrecipes.com/cook/27918134
https://www.allrecipes.com/cook/3708051
https://www.allrecipes.com/gallery/easy-healthy-meals/
https://www.allrecipes.com/m-and-m-kars-nuts-mix-8692462
https://www.allrecipes.com/mms-snickers-new-ice-cream-bars-8735255
https://www.allrecipes.com/gallery/snack-mixes/
https://www.allrecipes.com/cook/18238382
https://www.allrecipes.com/cook/4161130
https://www.allrecipes.com/cook/4429467
https://www.allrecipes.com/cook/4168569
https://www.allrecipes.com/cook/24476096
https://www.allrecipes.com/cook/12883095
https://www.allrecipes.com/cook/21024273
https://www.allrecipes.com/cook/23215027
https://www.allrecipes.com/cook/11256605
https://www.allrecipes.com/cook/9705393
https://www.allrecipes.com/cook/10317805
https://www.allrecipes.com/cook/744447
https://www.allrecipes.com/cook/808928
https://www.allrecipes.com/cook/4249797
https://www.allrecipes.com/cook/23985057
https://www.allrecipes.com/cook/23463944
https://www.allrecipes.com/cook/bibi/
https://www.allrecipes.com/cook/karaceschini
https://www.allrecipes.com/little-debbie-christmas-tree-cake-ice-cream-returns-8733900
https://www.allrecipes.com/article/who-was-little-debbie/
https://www.allrecipes.com/milkshakes-were-invented-at-walgreens-7559140
https://www.allrecipes.com/article/shake-shack-libbys-pumpkin-milkshake/
https://www.allrecipes.com/gallery/super-easy-sheet-pan-suppers/
https://www.allrecipes.com/sheet-pan-salmon-recipes-8740751
https://www.allrecipes.com/cook/20615272
https://www.allrecipes.com/cook/29091009
https://www.allrecipes.com/cook/15131403
https://www.allrecipes.com/cook/14410003
https://www.allrecipes.com/cook/17393170
https://www.allrecipes.com/recipes/17198/meat-and-poultry/pork/shoulder/
https://www.allrecipes.com/cook/27730729
https://www.allrecipes.com/article/whats-that-chalky-stuff-on-my-chocolate-bar/
https://www.allrecipes.com/cook/29108573
https://www.allrecipes.com/best-amazon-october-prime-day-kitchen-outlet-deals-2024-8708585
https://www.allrecipes.com/best-amazon-outlet-overstock-deals-cyber-monday-2024-8744263
https://www.allrecipes.com/cook/18437254
https://www.allrecipes.com/cook/4616436
https://www.allrecipes.com/pyrex-rubbermaid-walmart-black-friday-2024-8743490
https://www.allrecipes.com/cook/10425089
https://www.allrecipes.com/cook/2155567
https://www.allrecipes.com/cook/17699308
https://www.allrecipes.com/cook/17214352
https://www.allrecipes.com/cook/22726982
https://www.allrecipes.com/cook/6679010
https://www.allrecipes.com/cook/2970ad9954c982c4
https://www.allrecipes.com/cook/7680838
https://www.allrecipes.com/cook/4596331
https://www.allrecipes.com/cook/12933906
https://www.allrecipes.com/cook/12452897
https://www.allrecipes.com/cook/14911853
https://www.allrecipes.com/new-trader-joes-korean-style-yangnyeom-sauce-11699150
https://www.allrecipes.com/trader-joes-jalapeno-cream-cheese-wontons-8549152
https://www.allrecipes.com/gallery/super-bowl-food-ideas/
https://www.allrecipes.com/article/chick-fil-a-sauces-grocery-stores/
https://www.allrecipes.com/cook/30785026
https://www.allrecipes.com/reeses-crumbl-collab-peanut-butter-cookie-8549262
https://www.allrecipes.com/cook/2502409
https://www.allrecipes.com/cook/99a78c5bff02a3b4
https://www.allrecipes.com/cook/16161973
https://www.allrecipes.com/recipes/17306/soups-stews-and-chili/soup/vegetable-soup/kale-soup/
https://www.allrecipes.com/cook/13279267
https://www.allrecipes.com/cook/7381459
https://www.allrecipes.com/cook/tiredallday
https://www.allrecipes.com/recipes/648/main-dish/casseroles/chicken/
https://www.allrecipes.com/cook/25235250
https://www.allrecipes.com/magic-pickle-dip-easiest-3-ingredient-dip-8572263
https://www.allrecipes.com/article/ree-drummond-chicken-parmesan-pasta-bake-recipe/
https://www.allrecipes.com/cook/26018479
https://www.allrecipes.com/cook/22504629
https://www.allrecipes.com/cook/9065512
https://www.allrecipes.com/cook/27864565
https://www.allrecipes.com/ina-garten-favorite-trader-joes-dessert-8746128
https://www.allrecipes.com/cook/4658245
https://www.allrecipes.com/cook/22443941
https://www.allrecipes.com/cook/17082364
https://www.allrecipes.com/frenchs-creamy-dill-pickle-mustard-8605821
https://www.allrecipes.com/cook/24848843
https://www.allrecipes.com/a-spotlight-on-allrecipes-allstar-sophie-sadler-7571441
https://www.allrecipes.com/a-tribute-for-allrecipes-allstar-lindsay-breeze-8417815
https://www.allrecipes.com/cook/15676804
https://www.allrecipes.com/cook/20762541
https://www.allrecipes.com/cook/23277607
https://www.allrecipes.com/cook/2870524
https://www.allrecipes.com/author/alice-knisley-matthias/
https://www.allrecipes.com/shredded-cheese-tiktok-trend-8646088
https://www.allrecipes.com/best-way-to-slice-deviled-eggs-8682100
https://www.allrecipes.com/article/tiktok-was-wrong-about-dishwasher-pods/
https://www.allrecipes.com/article/where-to-put-dishwasher-detergent-pods/
https://www.allrecipes.com/mcdonalds-bringing-back-breakfast-bagels-8706834
https://www.allrecipes.com/mcdonalds-holiday-mccafe-doodles-cups-8749036
https://www.allrecipes.com/why-you-shouldnt-wash-raw-meat-8423985
https://www.allrecipes.com/article/safe-minimum-internal-food-temperature-chart/
https://www.allrecipes.com/what-is-fluffy-yogurt-trend-8648762
https://www.allrecipes.com/why-you-shouldnt-add-yeast-to-mashed-potatoes-8601816
https://www.allrecipes.com/watermelon-dessert-recipes-8652180
https://www.allrecipes.com/cook/aredendra
https://www.allrecipes.com/recipes/13393/main-dish/casseroles/pork/pork-chop/
https://www.allrecipes.com/cook/22695315
https://www.allrecipes.com/cook/21773668
https://www.allrecipes.com/cook/27757719
https://www.allrecipes.com/cook/14015670
https://www.allrecipes.com/cook/20768084
https://www.allrecipes.com/cook/20397054
https://www.allrecipes.com/cook/12893220
https://www.allrecipes.com/cook/4309884
https://www.allrecipes.com/cook/3540028
https://www.allrecipes.com/cook/f11677c140635070
https://www.allrecipes.com/gallery/breakfast-for-dinner/
https://www.allrecipes.com/cook/29018209
https://www.allrecipes.com/cook/ericadler
https://www.allrecipes.com/cook/10015975
https://www.allrecipes.com/cook/4708069
https://www.allrecipes.com/cook/3244985
https://www.allrecipes.com/cook/12882371
https://www.allrecipes.com/cook/24223906
https://www.allrecipes.com/cook/31221378
https://www.allrecipes.com/article/dried-herbs-and-spices/
https://www.allrecipes.com/article/how-to-maximize-the-flavor-of-dried-herbs/
https://www.allrecipes.com/cook/16752932
https://www.allrecipes.com/cook/15052096
https://www.allrecipes.com/recipes/915/main-dish/stir-fry/shrimp/
https://www.allrecipes.com/cook/23932655
https://www.allrecipes.com/cook/10690393
https://www.allrecipes.com/cook/10873254
https://www.allrecipes.com/cook/23138045
https://www.allrecipes.com/cook/2704284
https://www.allrecipes.com/cook/17709904
https://www.allrecipes.com/article/how-to-make-pizza-dough/
https://www.allrecipes.com/article/topping-and-baking-pizza/
https://www.allrecipes.com/cook/25950575
https://www.allrecipes.com/cook/31682126
https://www.allrecipes.com/cook/10184026
https://www.allrecipes.com/cook/8507661
https://www.allrecipes.com/cook/097b795030a99e73
https://www.allrecipes.com/cook/20528227
https://www.allrecipes.com/cook/16694789
https://www.allrecipes.com/gallery/the-best-japanese-desserts/
https://www.allrecipes.com/cook/5914531
https://www.allrecipes.com/cook/12259464
https://www.allrecipes.com/recipes/373/desserts/specialty-desserts/dessert-salads/
https://www.allrecipes.com/cook/allis
https://www.allrecipes.com/article/the-rudest-things-you-do-on-instacart-according-to-a-former-shopper/
https://www.allrecipes.com/recipes/181/soups-stews-and-chili/soup/noodle-soup/
https://www.allrecipes.com/cook/26240897
https://www.allrecipes.com/gallery/chef-johns-best-pastries-and-breakfast-treats/
https://www.allrecipes.com/cook/15153905
https://www.allrecipes.com/cook/1174859
https://www.allrecipes.com/article/foods-that-cause-bad-breath/
https://www.allrecipes.com/cook/2365398
https://www.allrecipes.com/recipes/17429/side-dish/potatoes/twice-baked-potatoes/
https://www.allrecipes.com/cook/28150649
https://www.allrecipes.com/cook/11094760
https://www.allrecipes.com/cook/ewizabeth
https://www.allrecipes.com/cook/10427268
https://www.allrecipes.com/recipes/15132/salad/grains/rice-salad/
https://www.allrecipes.com/cook/9760434
https://www.allrecipes.com/hersheys-strawberry-ice-cream-cone-kisses-back-2024-8636149
https://www.allrecipes.com/cook/15039467
https://www.allrecipes.com/cook/2103090
https://www.allrecipes.com/cook/27857305
https://www.allrecipes.com/dolly-parton-lodge-new-products-august-2024-8695626
https://www.allrecipes.com/gallery/4th-of-july-menu/
https://www.allrecipes.com/gallery/pulled-pork-sides/
https://www.allrecipes.com/what-to-serve-with-pulled-pork-sandwiches-8557249
https://www.allrecipes.com/cook/7405247
https://www.allrecipes.com/cook/13333360
https://www.allrecipes.com/cook/23092481
https://www.allrecipes.com/cook/9239133
https://www.allrecipes.com/article/butcher-questions-for-best-meat/
https://www.allrecipes.com/cook/25239678
https://www.allrecipes.com/cook/15075106
https://www.allrecipes.com/cook/20072459
https://www.allrecipes.com/cook/5159476
https://www.allrecipes.com/cook/13825602
https://www.allrecipes.com/new-cheez-it-ranch-flavor-2024-8668486
https://www.allrecipes.com/cook/23468728
https://www.allrecipes.com/cook/17771910
https://www.allrecipes.com/recipes/953/holidays-and-events/christmas/desserts/pies/
https://www.allrecipes.com/cook/1846950
https://www.allrecipes.com/cook/2434327
https://www.allrecipes.com/cook/13316268
https://www.allrecipes.com/article/what-is-urfa-biber/
https://www.allrecipes.com/cook/19285805
https://www.allrecipes.com/cook/13102729
https://www.allrecipes.com/cook/13125806
https://www.allrecipes.com/cook/4275153
https://www.allrecipes.com/cook/16736304
https://www.allrecipes.com/bojangles-bo-berry-cobbler-8770816
https://www.allrecipes.com/bojangles-brunch-chicken-and-waffles-11687511
https://www.allrecipes.com/cook/10345521
https://www.allrecipes.com/best-last-minute-walmart-deals-october-2024-8723702
https://www.allrecipes.com/walmart-deals-october-sale-2024-announcement-8714981
https://www.allrecipes.com/best-under-25-walmart-deals-january-2025-8775282
https://www.allrecipes.com/kelsey-fredricks-8717622
https://www.allrecipes.com/peeps-icee-collab-11695641
https://www.allrecipes.com/velveeta-single-serve-cheese-packets-8776049
https://www.allrecipes.com/article/how-to-pick-a-ripe-pomegranate/
https://www.allrecipes.com/cook/8247085
https://www.allrecipes.com/stanley-tuccis-favorite-2-ingredient-snack-7484312
https://www.allrecipes.com/celebrity-desserts-8640212
https://www.allrecipes.com/article/oui-layered-desserts/
https://www.allrecipes.com/article/make-store-bought-pie-look-homemade/
https://www.allrecipes.com/cook/26361953
https://www.allrecipes.com/cook/25054141
https://www.allrecipes.com/cook/4080696
https://www.allrecipes.com/cook/16798875
https://www.allrecipes.com/cook/13900942
https://www.allrecipes.com/cook/27754864
https://www.allrecipes.com/cook/13493931
https://www.allrecipes.com/cook/7891710
https://www.allrecipes.com/cook/23262717
https://www.allrecipes.com/cook/10681520
https://www.allrecipes.com/cook/5261689
https://www.allrecipes.com/cook/31244914
https://www.allrecipes.com/cook/chfrog72
https://www.allrecipes.com/cook/17406783
https://www.allrecipes.com/cook/11916192
https://www.allrecipes.com/cook/4771491
https://www.allrecipes.com/cook/16885552
https://www.allrecipes.com/cook/14060292
https://www.allrecipes.com/cook/9841642
https://www.allrecipes.com/faddys-meatballs-appetizer-8734081
https://www.allrecipes.com/cook/4196983
https://www.allrecipes.com/cook/24579858
https://www.allrecipes.com/cook/20017251
https://www.allrecipes.com/cook/13974477
https://www.allrecipes.com/cook/23572930
https://www.allrecipes.com/recipes/22992/everyday-cooking/sheet-pan-dinners/
https://www.allrecipes.com/cook/2ys4you
https://www.allrecipes.com/cook/13938591
https://www.allrecipes.com/cook/ryanschroeder
https://www.allrecipes.com/article/foods-that-are-natural-stress-busters/
https://www.allrecipes.com/cook/12850554
https://www.allrecipes.com/slow-cooker-dip-recipes-8744206
https://www.allrecipes.com/cook/22824758
https://www.allrecipes.com/recipes/509/main-dish/pasta/macaroni-and-cheese/
https://www.allrecipes.com/cook/26320579
https://www.allrecipes.com/cook/2100638
https://www.allrecipes.com/cook/22354662
https://www.allrecipes.com/article/what-is-ginger/
https://www.allrecipes.com/cook/25470114
https://www.allrecipes.com/cook/11994274
https://www.allrecipes.com/gallery/classic-recipes-made-casserole-style/
https://www.allrecipes.com/gallery/healthy-holiday-casserole-recipes/
https://www.allrecipes.com/best-grocery-store-rotisserie-chicken-8422946
https://www.allrecipes.com/drinkware-reviews-8655527
https://www.allrecipes.com/yeti-drinkware-colors-september-2023-7966228
https://www.allrecipes.com/yeti-free-valentines-day-customization-2024-8547426
https://www.allrecipes.com/article/what-frittata/
https://www.allrecipes.com/article/what-is-bibimbap/
https://www.allrecipes.com/article/puerto-rican-pasteles-for-christmas/
https://www.allrecipes.com/article/difference-between-peaches-nectarines-and-apricots/
https://www.allrecipes.com/cook/892937
https://www.allrecipes.com/cook/17280873
https://www.allrecipes.com/cook/27179841
https://www.allrecipes.com/buffalo-wild-wings-free-wings-feb-2024-8579274
https://www.allrecipes.com/cook/8534664
https://www.allrecipes.com/cook/13459675
https://www.allrecipes.com/cook/12409974
https://www.allrecipes.com/cook/25337300
https://www.allrecipes.com/cook/3736604
https://www.allrecipes.com/cook/13458055
https://www.allrecipes.com/aldi-driscolls-berry-rainbow-three-pack-7511255
https://www.allrecipes.com/does-mason-jar-berry-storage-hack-work-7494369
https://www.allrecipes.com/cook/2536454
https://www.allrecipes.com/cook/23321520
https://www.allrecipes.com/article/frozen-puff-pastry-sheets-tips/
https://www.allrecipes.com/cook/20481630
https://www.allrecipes.com/kitchen-spots-people-forget-to-clean-8787113
https://www.allrecipes.com/what-type-of-onions-best-for-cooking-7498473
https://www.allrecipes.com/article/what-are-garlic-scapes/
https://www.allrecipes.com/cook/23349441
https://www.allrecipes.com/cook/31253810
https://www.allrecipes.com/cook/11248980
https://www.allrecipes.com/cook/2-2dragoon
https://www.allrecipes.com/cook/7d9b36e788348bcc
https://www.allrecipes.com/cook/marcpar
https://www.allrecipes.com/cook/21442979
https://www.allrecipes.com/cook/986432
https://www.allrecipes.com/cook/15525934
https://www.allrecipes.com/ina-garten-bagel-hack-is-dividing-the-internet-8619264
https://www.allrecipes.com/sarah-jessica-parker-favorite-breakfast-8654930
https://www.allrecipes.com/ina-garten-go-to-butter-brand-cabot-8384319
https://www.allrecipes.com/ina-garten-and-julia-child-least-favorite-ingredient-8721437
https://www.allrecipes.com/cook/14714384
https://www.allrecipes.com/cook/22486695
https://www.allrecipes.com/cook/21372045
https://www.allrecipes.com/how-to-taste-and-fix-recipes-7370117
https://www.allrecipes.com/gallery/favorite-fall-cheesecakes/
https://www.allrecipes.com/cook/23162714
https://www.allrecipes.com/gallery/desserts-for-coffee-lovers/
https://www.allrecipes.com/cook/2767535
https://www.allrecipes.com/cook/7254023
https://www.allrecipes.com/cook/16882833
https://www.allrecipes.com/cook/6033103
https://www.allrecipes.com/gallery/st-patricks-day-cheesecake-recipes/
https://www.allrecipes.com/cook/9396615
https://www.allrecipes.com/cook/25723168
https://www.allrecipes.com/cook/26794804
https://www.allrecipes.com/article/best-creative-condiments/
https://www.allrecipes.com/article/food-subscription-boxes-that-are-a-must-for-working-from-home/
https://www.allrecipes.com/dominos-free-emergency-pizzas-2024-8722997
https://www.allrecipes.com/pizza-hut-deal-lovers-menu-new-cheese-stick-flavors-launch-8369221
https://www.allrecipes.com/wawa-is-now-serving-pizza-for-dinner-7568905
https://www.allrecipes.com/cook/13372869
https://www.allrecipes.com/cook/26026318
https://www.allrecipes.com/cook/2872958
https://www.allrecipes.com/cook/23560083
https://www.allrecipes.com/early-amazon-prime-day-pyrex-deals-october-2024-8723297
https://www.allrecipes.com/cook/16415813
https://www.allrecipes.com/cook/23617036
https://www.allrecipes.com/walmart-chicken-empanada-health-alert-jan-2025-8771975
https://www.allrecipes.com/cook/17160472
https://www.allrecipes.com/cook/12172111
https://www.allrecipes.com/selena-gomez-favorite-fast-food-order-8553003
https://www.allrecipes.com/how-to-make-katie-lee-biegels-engagement-chicken-8384706
https://www.allrecipes.com/krispy-kreme-doughnuts-secret-to-the-best-dessert-8558721
https://www.allrecipes.com/sabrina-carpenters-christmas-cookies-8761042
https://www.allrecipes.com/recipes/17526/desserts/fruit-desserts/lemon-desserts/
https://www.allrecipes.com/cook/21023037
https://www.allrecipes.com/cook/22005846
https://www.allrecipes.com/article/pastry-brush-substitutes/
https://www.allrecipes.com/article/why-are-my-cookies-burnt-on-bottom/
https://www.allrecipes.com/article/why-do-eggs-need-to-be-at-room-temperature-for-baking/
https://www.allrecipes.com/the-secret-to-the-best-bakery-style-muffins-7967912
https://www.allrecipes.com/cook/28142612
https://www.allrecipes.com/article/hack-flaky-pie-crust-with-cheese-grater/
https://www.allrecipes.com/article/pie-troubleshooting-guide/
https://www.allrecipes.com/article/whats-going-on-with-gluten-4-myths-busted/
https://www.allrecipes.com/cook/14719419
https://www.allrecipes.com/blue-bunny-holiday-cones-8716902
https://www.allrecipes.com/trader-joes-freezer-pops-hack-8661876
https://www.allrecipes.com/cook/14248207
https://www.allrecipes.com/cook/15924621
https://www.allrecipes.com/cook/7505962
https://www.allrecipes.com/cook/4592010
https://www.allrecipes.com/cook/jan
https://www.allrecipes.com/cook/14167630
https://www.allrecipes.com/cook/00e6ea995e89baf1
https://www.allrecipes.com/cook/6388613
https://www.allrecipes.com/article/bite-into-the-most-beautiful-apple-on-the-planet/
https://www.allrecipes.com/cook/8720605
https://www.allrecipes.com/cook/1209015
https://www.allrecipes.com/cook/8077569
https://www.allrecipes.com/cook/e345da9e84882de4
https://www.allrecipes.com/cook/4963532
https://www.allrecipes.com/cook/4256455
https://www.allrecipes.com/cook/27566452
https://www.allrecipes.com/cook/4747341
https://www.allrecipes.com/cook/13383282
https://www.allrecipes.com/cook/13224896
https://www.allrecipes.com/article/tips-to-make-kitchen-more-organized/
https://www.allrecipes.com/what-are-joe-froggers-8730964
https://www.allrecipes.com/cook/1317456
https://www.allrecipes.com/cook/16208423
https://www.allrecipes.com/cook/24974307
https://www.allrecipes.com/cook/20428147
https://www.allrecipes.com/cook/29380391
https://www.allrecipes.com/cook/9580337
https://www.allrecipes.com/cook/23847535
https://www.allrecipes.com/cook/12340830
https://www.allrecipes.com/cook/11862108
https://www.allrecipes.com/cook/11781931
https://www.allrecipes.com/cook/24364527
https://www.allrecipes.com/cook/2327930
https://www.allrecipes.com/cook/23478717
https://www.allrecipes.com/gallery/meet-allrecipets/
https://www.allrecipes.com/cook/kellieann
https://www.allrecipes.com/cook/5867560
https://www.allrecipes.com/cook/27411246
https://www.allrecipes.com/cook/9312105
https://www.allrecipes.com/cook/31429745
https://www.allrecipes.com/cook/21018997
https://www.allrecipes.com/cook/momma_s
https://www.allrecipes.com/cook/6991253
https://www.allrecipes.com/cook/1910838
https://www.allrecipes.com/cook/8318996
https://www.allrecipes.com/cook/1469588
https://www.allrecipes.com/allstar-spotlight-nosheen-babar-8739700
https://www.allrecipes.com/traditional-italian-easter-dessert-grain-pie-recipe-11707343
https://www.allrecipes.com/mock-pecan-pie-dessert-pecan-delight-8746514
https://www.allrecipes.com/best-cheese-recipe-2023-7644227
https://www.allrecipes.com/how-to-spot-fake-parmesan-cheese-8599370
https://www.allrecipes.com/cook/Cookie
https://www.allrecipes.com/article/what-to-do-with-buttermilk/
https://www.allrecipes.com/cook/8028938
https://www.allrecipes.com/cook/2326847
https://www.allrecipes.com/cook/27673911
https://www.allrecipes.com/cook/22286297
https://www.allrecipes.com/cook/11374697
https://www.allrecipes.com/cook/15201854
https://www.allrecipes.com/cook/9625294
https://www.allrecipes.com/cook/1444281
https://www.allrecipes.com/cook/4522601
https://www.allrecipes.com/cook/29164696
https://www.allrecipes.com/cook/31801324
https://www.allrecipes.com/quaker-new-dill-pickle-rice-crisps-8621562
https://www.allrecipes.com/article/frosted-mini-wheats-mixed-berry/
https://www.allrecipes.com/cook/945fb9656ccc8d16
https://www.allrecipes.com/cook/818319
https://www.allrecipes.com/cook/13481954
https://www.allrecipes.com/jennifer-garner-favorite-ina-garten-brown-butter-cornbread-8748837
https://www.allrecipes.com/cook/d1d568c2bdfe1491
https://www.allrecipes.com/longform/our-five-top-buffalo-chicken-wing-recipes-taste-test/
https://www.allrecipes.com/hoda-kotb-midnight-snack-ritz-7963772
https://www.allrecipes.com/cook/10990647
https://www.allrecipes.com/cook/8352572
https://www.allrecipes.com/cook/24367305
https://www.allrecipes.com/cook/16491326
https://www.allrecipes.com/cook/17455262
https://www.allrecipes.com/cook/12857735
https://www.allrecipes.com/article/butter-vs-margarine-whats-better-for-baking/#:~:text=Butter%27s%20high%20fat%20content%20is,the%20better%20choice%20for%20frying.
https://www.allrecipes.com/cook/21455685
https://www.allrecipes.com/cook/11493542
https://www.allrecipes.com/cook/28789684
https://www.allrecipes.com/cook/23835588
https://www.allrecipes.com/cook/25694339
https://www.allrecipes.com/cook/28727686
https://www.allrecipes.com/cook/21456860
https://www.allrecipes.com/cook/12040226
https://www.allrecipes.com/cook/14616011
https://www.allrecipes.com/this-is-the-easiest-fastest-way-to-decorate-your-holiday-sugar-cookies-8748680
https://www.allrecipes.com/cook/114896
https://www.allrecipes.com/cook/8024829
https://www.allrecipes.com/cook/29586687
https://www.allrecipes.com/cook/13495973
https://www.allrecipes.com/article/vitamin-c-foods/
https://www.allrecipes.com/article/what-is-a-huckleberry/
https://www.allrecipes.com/recipes/14702/desserts/cookies/international-cookies/england/
https://www.allrecipes.com/cook/8121724
https://www.allrecipes.com/cook/homemakinmama
https://www.allrecipes.com/recipes/17598/ingredients/dairy/butter/
https://www.allrecipes.com/article/poisonous-foods/
https://www.allrecipes.com/article/the-best-roast-chicken/
https://www.allrecipes.com/recipes/1113/fruits-and-vegetables/vegetables/broccoli/
https://www.allrecipes.com/cook/11137600
https://www.allrecipes.com/cook/17273924
https://www.allrecipes.com/cook/67960627aaa97835
https://www.allrecipes.com/best-yeti-deals-amazon-prime-day-october-2024-8708779
https://www.allrecipes.com/cook/1940389
https://www.allrecipes.com/cook/14960324
https://www.allrecipes.com/cook/22431309
https://www.allrecipes.com/recipes/1015/meat-and-poultry/lamb/leg/
https://www.allrecipes.com/cook/2126164
https://www.allrecipes.com/cook/4551029
https://www.allrecipes.com/cook/15242803
https://www.allrecipes.com/gallery/best-easy-nutella-treats/
https://www.allrecipes.com/gallery/chocolate-ganache-recipes/
https://www.allrecipes.com/cook/2357085/
https://www.allrecipes.com/dutch-bros-fall-drinks-2024-8702254
https://www.allrecipes.com/article/what-is-cookie-butter/
https://www.allrecipes.com/jamba-fan-fave-smoothie-returns-for-limited-time-sept-2024-8714141
https://www.allrecipes.com/mcdonalds-dulce-de-leche-frappe-8737040
https://www.allrecipes.com/cook/16194020
https://www.allrecipes.com/cook/11712091
https://www.allrecipes.com/cook/15218208
https://www.allrecipes.com/baking-with-dolly-baking-mixes-8770646
https://www.allrecipes.com/cook/27652298
https://www.allrecipes.com/cook/26139807
https://www.allrecipes.com/cook/4418450
https://www.allrecipes.com/cook/12922907
https://www.allrecipes.com/cook/15074280
https://www.allrecipes.com/cook/28491800
https://www.allrecipes.com/cook/901376
https://www.allrecipes.com/cook/3045911
https://www.allrecipes.com/cook/7580337
https://www.allrecipes.com/cook/26828474
https://www.allrecipes.com/cook/16867978
https://www.allrecipes.com/cook/11640717
https://www.allrecipes.com/cook/17788609
https://www.allrecipes.com/cook/debbid
https://www.allrecipes.com/cook/ad77eef5c786f2bf
https://www.allrecipes.com/article/how-to-clean-dishwasher-filter/
https://www.allrecipes.com/cook/3098619
https://www.allrecipes.com/cook/7758171
https://www.allrecipes.com/cook/4606956
https://www.allrecipes.com/cook/26821249
https://www.allrecipes.com/cook/24195924
https://www.allrecipes.com/cook/7922823
https://www.allrecipes.com/pizza-hut-free-pizza-october-2024-8720749
https://www.allrecipes.com/cook/8170663
https://www.allrecipes.com/cook/14086186
https://www.allrecipes.com/cook/rickyp
https://www.allrecipes.com/cook/20051036
https://www.allrecipes.com/cook/12331309
https://www.allrecipes.com/cook/29836353
https://www.allrecipes.com/cook/20787621
https://www.allrecipes.com/cook/14220339
https://www.allrecipes.com/cook/26965768
https://www.allrecipes.com/cook/7496094
https://www.allrecipes.com/oxo-good-grips-corn-prep-peeler-amazon-7562443
https://www.allrecipes.com/cook/9618873
https://www.allrecipes.com/cook/k-dub1
https://www.allrecipes.com/cook/31415083
https://www.allrecipes.com/cook/10019303
https://www.allrecipes.com/cook/1554570
https://www.allrecipes.com/cook/4095948
https://www.allrecipes.com/cook/24022245
https://www.allrecipes.com/cook/c68229075cae7349
https://www.allrecipes.com/cook/30268423
https://www.allrecipes.com/cook/1868308
https://www.allrecipes.com/cook/14835097
https://www.allrecipes.com/cook/25254266
https://www.allrecipes.com/jennifer-garners-go-to-chocolate-cake-recipe-8694660
https://www.allrecipes.com/julie-andrews-carrot-cake-review-8622446
https://www.allrecipes.com/cook/1329026
https://www.allrecipes.com/cook/24590710
https://www.allrecipes.com/cook/12816354
https://www.allrecipes.com/cook/8658170
https://www.allrecipes.com/cook/4757346
https://www.allrecipes.com/cook/634589
https://www.allrecipes.com/cook/11169602
https://www.allrecipes.com/joey-fatones-3-ingredient-goulash-8304158
https://www.allrecipes.com/article/three-ingredient-air-fried-chicken-nuggets/
https://www.allrecipes.com/article/popeyes-cajun-style-turkeys-2021/
https://www.allrecipes.com/cook/13514443
https://www.allrecipes.com/cook/28193646
https://www.allrecipes.com/cook/12170683
https://www.allrecipes.com/cook/14897825
https://www.allrecipes.com/new-pringles-mingles-puffed-snacks-8646486
https://www.allrecipes.com/pringles-texas-bbq-brisket-8637760
https://www.allrecipes.com/recipes/17635/main-dish/vegetable-main-dishes/eggplant-parmesan/
https://www.allrecipes.com/best-recipes-30-minute-meals-cookbook-8681891
https://www.allrecipes.com/best-dinner-recipe-2024-8698363
https://www.allrecipes.com/i-tried-our-best-chicken-casserole-recipes-8717230
https://www.allrecipes.com/cook/12881520
https://www.allrecipes.com/cook/3670590
https://www.allrecipes.com/cook/veggiechic18
https://www.allrecipes.com/author/amy-barnes/
https://www.allrecipes.com/gallery/old-fashioned-christmas-traditions/
https://www.allrecipes.com/gallery/best-fudge-recipes/
https://www.allrecipes.com/article/when-your-family-hates-your-cooking/
https://www.allrecipes.com/article/slow-cooker-mistakes-are-wasting-time/
https://www.allrecipes.com/article/slow-cooker-recipes-that-deliver-5-star-flavor/
https://www.allrecipes.com/gallery/slow-cooker-soup-recipes-under-300-calories/
https://www.allrecipes.com/my-dads-famous-3-ingredient-holiday-appetizer-8746384
https://www.allrecipes.com/cook/27277921
https://www.allrecipes.com/cook/24888192
https://www.allrecipes.com/article/what-is-saffron/
https://www.allrecipes.com/cook/28764394
https://www.allrecipes.com/cook/brewcrew
https://www.allrecipes.com/cook/7571306
https://www.allrecipes.com/pringles-loaded-hot-dog-chips-8757367
https://www.allrecipes.com/recipes/16191/salad/pasta-salad/seafood-pasta-salad/
https://www.allrecipes.com/cook/25220125
https://www.allrecipes.com/cook/27196812
https://www.allrecipes.com/cook/10531193
https://www.allrecipes.com/is-chick-fil-a-ditching-its-iconic-waffle-fries-8682343
https://www.allrecipes.com/what-is-truffle-butter-7486171
https://www.allrecipes.com/liquor-vs-liqueur-difference-7185518
https://www.allrecipes.com/article/how-to-eat-halloumi-cheese/
https://www.allrecipes.com/what-is-quince-8623222
https://www.allrecipes.com/article/why-doesnt-a-pint-of-blueberries-weigh-16-ounces/
https://www.allrecipes.com/how-to-pick-strawberries-8630915
https://www.allrecipes.com/article/lemons-in-arab-cuisine/
https://www.allrecipes.com/how-to-tell-if-your-mango-is-ripe-7564460
https://www.allrecipes.com/muffins-vs-cupcakes-difference-7480102
https://www.allrecipes.com/cook/20968276
https://www.allrecipes.com/how-to-pick-the-best-eggplant-8704145
https://www.allrecipes.com/how-to-tell-if-papaya-is-ripe-7571550
https://www.allrecipes.com/cook/45fd0b89dae74aaf
https://www.allrecipes.com/cook/southernbellegonemad
https://www.allrecipes.com/cook/24345585
https://www.allrecipes.com/article/holiday-baking-gingerbread/
https://www.allrecipes.com/recipes/926/side-dish/vegetables/squash/summer-squash/
https://www.allrecipes.com/cook/8850302
https://www.allrecipes.com/recipes/694/everyday-cooking/everyday-leftovers/turkey/
https://www.allrecipes.com/cook/5097696
https://www.allrecipes.com/cook/2977197
https://www.allrecipes.com/cook/22521979
https://www.allrecipes.com/cook/6166779
https://www.allrecipes.com/cook/12320255
https://www.allrecipes.com/cook/28987026
https://www.allrecipes.com/cook/7554981
https://www.allrecipes.com/cook/24044218
https://www.allrecipes.com/cook/6274825
https://www.allrecipes.com/cook/17416611
https://www.allrecipes.com/cook/25780905
https://www.allrecipes.com/gallery/best-chicken-and-rice-casserole-recipes/
https://www.allrecipes.com/cook/29236612
https://www.allrecipes.com/which-amazon-groceries-are-cheaper-8637629
https://www.allrecipes.com/cook/2763962
https://www.allrecipes.com/cook/6458448
https://www.allrecipes.com/cook/10752847
https://www.allrecipes.com/cook/20307243
https://www.allrecipes.com/gallery/easy-one-pot-dinners/
https://www.allrecipes.com/one-skillet-dinners-for-every-night-of-the-week-8701013
https://www.allrecipes.com/gallery/chicken-skillet-dinners/
https://www.allrecipes.com/cook/21804229
https://www.allrecipes.com/gallery/low-effort-winter-dinners/
https://www.allrecipes.com/gallery/super-bowl-desserts/
https://www.allrecipes.com/cook/14032214
https://www.allrecipes.com/cook/17820450
https://www.allrecipes.com/cook/9700544
https://www.allrecipes.com/cook/10000625
https://www.allrecipes.com/cook/13311260
https://www.allrecipes.com/cook/4062343
https://www.allrecipes.com/cook/3c218fa031afd40f
https://www.allrecipes.com/cook/6f33aa7873107c61
https://www.allrecipes.com/cook/12980008
https://www.allrecipes.com/air-fryer-potato-recipes-8739973
https://www.allrecipes.com/gallery/fingerling-potato-recipes/
https://www.allrecipes.com/gallery/air-fryer-fair-food/
https://www.allrecipes.com/article/how-to-air-fry-every-vegetable/
https://www.allrecipes.com/cooking-frozen-vegetables-mistakes-7370118
https://www.allrecipes.com/recipes/23416/everyday-cooking/cookware-and-equipment/air-fryer/appetizers-and-snacks/
https://www.allrecipes.com/article/why-does-rice-bubble-over/
https://www.allrecipes.com/cook/22406703
https://www.allrecipes.com/cook/6541502
https://www.allrecipes.com/cook/15060493
https://www.allrecipes.com/cook/16282484
https://www.allrecipes.com/cook/9494483
https://www.allrecipes.com/cook/14479995
https://www.allrecipes.com/cook/9884637
https://www.allrecipes.com/cook/10094622
https://www.allrecipes.com/cook/0d5deb4afb1fe278
https://www.allrecipes.com/cook/20183452
https://www.allrecipes.com/cook/25046043
https://www.allrecipes.com/cook/2334977
https://www.allrecipes.com/baskin-robbins-new-thanksgiving-flavor-november-2023-8384278
https://www.allrecipes.com/recipes/16982/fruits-and-vegetables/beans-and-peas/lentils/
https://www.allrecipes.com/cook/22894451
https://www.allrecipes.com/cook/27001291
https://www.allrecipes.com/how-to-make-gravestone-spritz-cookies-8358012
https://www.allrecipes.com/30-minute-meals-cookbook-8681888
https://www.allrecipes.com/the-next-time-you-re-struggling-to-open-a-jar-turn-to-this-kitchen-tool-7550258
https://www.allrecipes.com/longform/best-wine-openers/
https://www.allrecipes.com/article/flatware-vs-silverware/
https://www.allrecipes.com/article/how-your-oven-may-be-lying-to-you/
https://www.allrecipes.com/best-store-bought-ranch-dressing-taste-test-8303364
https://www.allrecipes.com/cook/5488279
https://www.allrecipes.com/cook/22054870
https://www.allrecipes.com/cook/26741558
https://www.allrecipes.com/cook/26058833
https://www.allrecipes.com/cook/7038443
https://www.allrecipes.com/cook/893399
https://www.allrecipes.com/cook/1354302
https://www.allrecipes.com/article/coca-cola-yellow-cap-meaning/
https://www.allrecipes.com/article/3-ingredient-creme-brulee-cookies/
https://www.allrecipes.com/cook/2ba406ea6586f5d2
https://www.allrecipes.com/cook/12760247
https://www.allrecipes.com/recipes/8267479/trusted-brands-recipes-and-tips/impossible-foods/
https://www.allrecipes.com/cook/3376869
https://www.allrecipes.com/cook/15651228
https://www.allrecipes.com/cook/20807331
https://www.allrecipes.com/wendys-99-cent-chicken-nugget-deal-7629274
https://www.allrecipes.com/gallery/side-dish-recipes-ready-in-15-minutes/
https://www.allrecipes.com/cook/16087858
https://www.allrecipes.com/cook/7765555
https://www.allrecipes.com/cook/1303408
https://www.allrecipes.com/cook/2042601
https://www.allrecipes.com/cook/27973316
https://www.allrecipes.com/cook/20705381
https://www.allrecipes.com/cook/10614949
https://www.allrecipes.com/recipes/17640/desserts/pies/slab-pie/
https://www.allrecipes.com/cook/17762835
https://www.allrecipes.com/cook/16713564
https://www.allrecipes.com/cook/12679366
https://www.allrecipes.com/cook/22817095
https://www.allrecipes.com/cook/14119042
https://www.allrecipes.com/cook/9938422
https://www.allrecipes.com/cook/8288304
https://www.allrecipes.com/cook/29229745
https://www.allrecipes.com/cook/2858240
https://www.allrecipes.com/cook/myrtle
https://www.allrecipes.com/cook/22272392
https://www.allrecipes.com/cook/5653112
https://www.allrecipes.com/article/the-best-way-to-eat-springs-fresh-beautiful-asparagus/
https://www.allrecipes.com/affiliate/best-single-serve-coffee-makers/
https://www.allrecipes.com/cook/nicolekrystyn/
https://www.allrecipes.com/cook/2584025
https://www.allrecipes.com/cook/21032338
https://www.allrecipes.com/cook/6422075
https://www.allrecipes.com/jack-in-the-box-lucky-mint-trio-11686066
https://www.allrecipes.com/trader-joes-basil-recall-april-2024-8635479
https://www.allrecipes.com/recipes/977/holidays-and-events/thanksgiving/desserts/
https://www.allrecipes.com/cook/mariahsimone
https://www.allrecipes.com/cook/20996200
https://www.allrecipes.com/cook/4830212
https://www.allrecipes.com/cook/4902321
https://www.allrecipes.com/cook/6701340
